L4S rescue-lane testbed preflight
  [ok]   running as root
  [ok]   kernel 7.0.0-31-generic (>= 6.17, DualPI2 in mainline)
  [ok]   tc + kernel support dualpi2
  [ok]   dctcp available
  [ok]   cubic available
  [ok]   nft present
  [ok]   ethtool present
  [ok]   ss present
  [ok]   python3 3.14.4
  [ok]   matplotlib (for analyze.py)

preflight passed
Warning: sch_htb: quantum of class 10010 is big. Consider r2q change.
topology up: AQM=dualpi2 RATE=50mbit RTT=30ms
leaf qdisc: dualpi2
  classic  ecn_negotiated(ss)=False L-queue packets=1  CE marks=0 drops=1  changed stats: {"bytes": 3137200, "packets": 2078, "drops": 1, "pkts_in_c": 2078, "pkts_in_l": 1, "maxq": 80, "max_memory_used": 194088}
           ss: ESTAB 0 0 10.0.2.1:51142 10.0.1.1:5001 cubic wscale:10,10 rto:231 rtt:30.258/11.384 ato:40 mss:1448 pmtu:1500 rcvmss:1448 advmss:1448 cwnd:10 bytes_sent:8 bytes_acked:9 bytes_received:3000000 segs_out:1827 segs_in:2075 data_segs_out:1 data_segs_in:2073 send 3828409bps lastsnd:678 lastrcv:15 lastack:15 pacing_rate 7656752bps delivery_rate 384232bps delivered:2 app_limited busy:30ms rcv_rtt:30 rcv_s
  ecn      ecn_negotiated(ss)=False L-queue packets=0  CE marks=1 drops=0  changed stats: {"bytes": 3137184, "packets": 2078, "pkts_in_c": 2078, "maxq": 15, "ecn_mark": 1, "max_memory_used": 36120}
           ss: ESTAB 0 0 10.0.2.1:40544 10.0.1.2:5001 cubic wscale:10,10 rto:257 rtt:56.656/30.222 ato:40 mss:1448 pmtu:1500 rcvmss:1448 advmss:1448 cwnd:10 bytes_sent:8 bytes_acked:9 bytes_received:3000000 segs_out:1300 segs_in:2075 data_segs_out:1 data_segs_in:2073 send 2044620bps lastsnd:636 lastrcv:16 lastack:16 pacing_rate 4089208bps delivery_rate 384032bps delivered:2 app_limited busy:30ms rcv_rtt:39.413 r
  l4s      ecn_negotiated(ss)=False L-queue packets=2074  CE marks=88 drops=0  changed stats: {"bytes": 3137048, "packets": 2076, "pkts_in_c": 2, "pkts_in_l": 2074, "ecn_mark": 44, "step_mark": 44}
           ss: ESTAB 0 0 10.0.2.1:60768 10.0.1.3:5003 dctcp wscale:10,10 rto:231 rtt:30.131/11.302 ato:40 mss:1448 pmtu:1500 rcvmss:1448 advmss:1448 cwnd:10 bytes_sent:8 bytes_acked:9 bytes_received:3000000 segs_out:1059 segs_in:2074 data_segs_out:1 data_segs_in:2072 dctcp:(ce_state:0,alpha:0,ab_ecn:0,ab_tot:0) send 3844545bps lastsnd:2086 lastrcv:16 lastack:16 pacing_rate 7688896bps delivery_rate 384552bps deli
expected: classic -> no ECN, no L packets; ecn -> ECN, no L packets; l4s -> ECN and L packets > 0
[1/60] classic  tlp=on  d=0.10 -> 1.223s   eta 9 min
[2/60] abandon  tlp=off d=0.50 -> 1.069s   eta 9 min
[3/60] ecn      tlp=off d=0.50 -> 1.017s   eta 9 min
[4/60] l4s      tlp=off d=0.50 -> 1.258s   eta 9 min
[5/60] l4s      tlp=on  d=0.10 -> 1.372s   eta 9 min
[6/60] l4s      tlp=on  d=0.50 -> 1.088s   eta 9 min
[7/60] ecn      tlp=off d=0.10 -> 0.942s   eta 9 min
[8/60] fresh    tlp=off d=0.10 -> 1.303s   eta 8 min
[9/60] fresh    tlp=off d=0.50 -> 0.488s   eta 8 min
[10/60] ecn      tlp=off d=0.50 -> 1.043s   eta 8 min
[11/60] abandon  tlp=off d=0.50 -> 0.747s   eta 8 min
[12/60] classic  tlp=on  d=0.10 -> 1.362s   eta 8 min
[13/60] ecn      tlp=off d=0.10 -> 1.030s   eta 7 min
[14/60] l4s      tlp=off d=0.50 -> 0.979s   eta 7 min
[15/60] l4s      tlp=on  d=0.50 -> 1.149s   eta 7 min
[16/60] l4s      tlp=off d=0.50 -> 0.953s   eta 7 min
[17/60] classic  tlp=on  d=0.50 -> 0.948s   eta 7 min
[18/60] fresh    tlp=on  d=0.10 -> 2.139s   eta 7 min
[19/60] ecn      tlp=on  d=0.50 -> 0.682s   eta 7 min
[20/60] classic  tlp=off d=0.50 -> 1.008s   eta 6 min
[21/60] abandon  tlp=on  d=0.50 -> 0.792s   eta 6 min
[22/60] abandon  tlp=on  d=0.50 -> 1.655s   eta 6 min
[23/60] fresh    tlp=on  d=0.50 -> 0.723s   eta 6 min
[24/60] fresh    tlp=off d=0.50 -> 1.808s   eta 6 min
[25/60] classic  tlp=off d=0.50 -> 1.055s   eta 6 min
[26/60] ecn      tlp=off d=0.50 -> 0.731s   eta 5 min
[27/60] ecn      tlp=on  d=0.10 -> 1.225s   eta 5 min
[28/60] abandon  tlp=on  d=0.10 -> 1.326s   eta 5 min
[29/60] abandon  tlp=off d=0.50 -> 0.580s   eta 5 min
[30/60] classic  tlp=off d=0.50 -> 0.903s   eta 5 min
[31/60] fresh    tlp=on  d=0.50 -> 0.688s   eta 5 min
[32/60] classic  tlp=off d=0.10 -> 1.240s   eta 4 min
[33/60] fresh    tlp=off d=0.10 -> 1.745s   eta 4 min
[34/60] ecn      tlp=off d=0.10 -> 1.563s   eta 4 min
[35/60] fresh    tlp=off d=0.10 -> 2.141s   eta 4 min
[36/60] ecn      tlp=on  d=0.10 -> 1.342s   eta 4 min
[37/60] ecn      tlp=on  d=0.50 -> 0.911s   eta 4 min
[38/60] abandon  tlp=on  d=0.10 -> 1.839s   eta 4 min
[39/60] l4s      tlp=on  d=0.10 -> 1.563s   eta 3 min
[40/60] fresh    tlp=on  d=0.10 -> 2.044s   eta 3 min
[41/60] classic  tlp=on  d=0.50 -> 1.297s   eta 3 min
[42/60] fresh    tlp=off d=0.50 -> 1.751s   eta 3 min
[43/60] l4s      tlp=on  d=0.10 -> 1.201s   eta 3 min
[44/60] abandon  tlp=off d=0.10 -> 1.187s   eta 3 min
[45/60] l4s      tlp=off d=0.10 -> 1.238s   eta 2 min
[46/60] ecn      tlp=on  d=0.10 -> 1.311s   eta 2 min
[47/60] classic  tlp=on  d=0.10 -> 1.785s   eta 2 min
[48/60] fresh    tlp=on  d=0.50 -> 1.102s   eta 2 min
[49/60] classic  tlp=off d=0.10 -> 1.708s   eta 2 min
[50/60] classic  tlp=on  d=0.50 -> 0.703s   eta 2 min
[51/60] abandon  tlp=off d=0.10 -> 1.053s   eta 1 min
[52/60] classic  tlp=off d=0.10 -> 1.480s   eta 1 min
[53/60] l4s      tlp=off d=0.10 -> 1.581s   eta 1 min
[54/60] ecn      tlp=on  d=0.50 -> 0.567s   eta 1 min
[55/60] l4s      tlp=on  d=0.50 -> 0.938s   eta 1 min
[56/60] abandon  tlp=on  d=0.10 -> 1.474s   eta 1 min
[57/60] abandon  tlp=on  d=0.50 -> 1.044s   eta 0 min
[58/60] abandon  tlp=off d=0.10 -> 1.822s   eta 0 min
[59/60] fresh    tlp=on  d=0.10 -> 1.688s   eta 0 min
[60/60] l4s      tlp=off d=0.10 -> 1.288s   eta 0 min
Traceback (most recent call last):
  File "/home/ubuntu/l4s-rescue-testbed/analyze.py", line 211, in <module>
    main()
    ~~~~^^
  File "/home/ubuntu/l4s-rescue-testbed/analyze.py", line 193, in main
    table = summarise(rows)
  File "/home/ubuntu/l4s-rescue-testbed/analyze.py", line 64, in summarise
    groups[(r["aqm"], r["event"], r["tlp"], r["variant"])].append(r)
            ~^^^^^^^
KeyError: 'aqm'
results in results/quick_0928_1552 (text report: results/quick_0928_1552/report.txt)
