L4S rescue-lane testbed preflight
  [ok]   running as root
  [ok]   kernel 7.0.0-31-generic (>= 6.17, DualPI2 in mainline)
  [ok]   tc + kernel support dualpi2
  [ok]   dctcp available
  [ok]   cubic available
  [ok]   nft present
  [ok]   ethtool present
  [ok]   ss present
  [ok]   python3 3.14.4
  [ok]   matplotlib (for analyze.py)

preflight passed
Warning: sch_htb: quantum of class 10010 is big. Consider r2q change.
topology up: AQM=dualpi2 RATE=50mbit RTT=30ms
leaf qdisc: dualpi2
  classic  ecn_negotiated(ss)=False L-queue packets=2  CE marks=0 drops=2  changed stats: {"bytes": 3137110, "packets": 2077, "drops": 2, "pkts_in_c": 2077, "pkts_in_l": 2, "maxq": 92, "max_memory_used": 221640}
           ss: ESTAB 0 0 10.0.2.1:35654 10.0.1.1:5001 cubic wscale:10,10 rto:231 rtt:30.122/11.312 ato:40 mss:1448 pmtu:1500 rcvmss:1448 advmss:1448 cwnd:10 bytes_sent:8 bytes_acked:9 bytes_received:3000000 segs_out:1314 segs_in:2074 data_segs_out:1 data_segs_in:2072 send 3845694bps lastsnd:656 lastrcv:38 lastack:38 pacing_rate 7691384bps delivery_rate 385192bps delivered:2 app_limited busy:30ms rcv_rtt:36 rcv_s
  ecn      ecn_negotiated(ss)=False L-queue packets=0  CE marks=8 drops=0  changed stats: {"bytes": 3137184, "packets": 2078, "pkts_in_c": 2078, "maxq": 14, "ecn_mark": 8, "max_memory_used": 33712}
           ss: ESTAB 0 0 10.0.2.1:60360 10.0.1.2:5001 cubic wscale:10,10 rto:257 rtt:56.503/30.089 ato:40 mss:1448 pmtu:1500 rcvmss:1448 advmss:1448 cwnd:10 bytes_sent:8 bytes_acked:9 bytes_received:3000000 segs_out:1200 segs_in:2075 data_segs_out:1 data_segs_in:2073 send 2050157bps lastsnd:655 lastrcv:12 lastack:12 pacing_rate 4100280bps delivery_rate 382688bps delivered:2 app_limited busy:30ms rcv_rtt:30 rcv_s
  l4s      ecn_negotiated(ss)=False L-queue packets=2074  CE marks=35 drops=0  changed stats: {"bytes": 3137048, "packets": 2076, "pkts_in_c": 2, "pkts_in_l": 2074, "ecn_mark": 35, "step_mark": 35}
           ss: ESTAB 0 0 10.0.2.1:37550 10.0.1.3:5003 dctcp wscale:10,10 rto:231 rtt:30.144/11.318 ato:40 mss:1448 pmtu:1500 rcvmss:1448 advmss:1448 cwnd:10 bytes_sent:8 bytes_acked:9 bytes_received:3000000 segs_out:1058 segs_in:2074 data_segs_out:1 data_segs_in:2072 dctcp:(ce_state:0,alpha:0,ab_ecn:0,ab_tot:0) send 3842887bps lastsnd:1877 lastrcv:15 lastack:15 pacing_rate 7685736bps delivery_rate 384808bps deli
expected: classic -> no ECN, no L packets; ecn -> ECN, no L packets; l4s -> ECN and L packets > 0
[1/400] classic  tlp=off d=0.10 -> 1.064s   eta 62 min
[2/400] ecn      tlp=off d=0.50 -> 0.805s   eta 63 min
[3/400] fresh    tlp=on  d=0.50 -> 0.926s   eta 63 min
[4/400] abandon  tlp=on  d=0.10 -> 1.717s   eta 63 min
[5/400] abandon  tlp=off d=0.50 -> 0.902s   eta 63 min
[6/400] classic  tlp=off d=0.10 -> 2.025s   eta 64 min
[7/400] abandon  tlp=on  d=0.10 -> 0.922s   eta 63 min
[8/400] abandon  tlp=on  d=0.50 -> 0.880s   eta 63 min
[9/400] l4s      tlp=on  d=0.10 -> 1.333s   eta 62 min
[10/400] fresh    tlp=off d=0.10 -> 1.106s   eta 62 min
[11/400] l4s      tlp=off d=0.10 -> 1.193s   eta 62 min
[12/400] l4s      tlp=off d=0.10 -> 1.398s   eta 62 min
[13/400] l4s      tlp=on  d=0.50 -> 0.991s   eta 62 min
[14/400] fresh    tlp=off d=0.10 -> 1.057s   eta 61 min
[15/400] classic  tlp=off d=0.50 -> 0.639s   eta 61 min
[16/400] classic  tlp=on  d=0.50 -> 0.897s   eta 61 min
[17/400] classic  tlp=off d=0.50 -> 0.478s   eta 61 min
[18/400] fresh    tlp=off d=0.50 -> 1.226s   eta 61 min
[19/400] ecn      tlp=on  d=0.50 -> 0.875s   eta 61 min
[20/400] classic  tlp=off d=0.10 -> 1.454s   eta 60 min
[21/400] l4s      tlp=off d=0.50 -> 0.876s   eta 60 min
[22/400] abandon  tlp=on  d=0.10 -> 0.982s   eta 60 min
[23/400] abandon  tlp=off d=0.50 -> 0.781s   eta 60 min
[24/400] l4s      tlp=on  d=0.50 -> 1.009s   eta 60 min
[25/400] ecn      tlp=on  d=0.10 -> 1.279s   eta 60 min
[26/400] classic  tlp=on  d=0.10 -> 1.378s   eta 59 min
[27/400] fresh    tlp=off d=0.50 -> 1.062s   eta 59 min
[28/400] abandon  tlp=off d=0.50 -> 0.947s   eta 59 min
[29/400] abandon  tlp=on  d=0.50 -> 0.719s   eta 59 min
[30/400] ecn      tlp=on  d=0.50 -> 0.892s   eta 59 min
[31/400] l4s      tlp=on  d=0.50 -> 1.012s   eta 59 min
[32/400] abandon  tlp=off d=0.10 -> 1.342s   eta 59 min
[33/400] l4s      tlp=on  d=0.50 -> 1.032s   eta 58 min
[34/400] ecn      tlp=on  d=0.10 -> 1.377s   eta 58 min
[35/400] ecn      tlp=on  d=0.10 -> 1.535s   eta 58 min
[36/400] fresh    tlp=off d=0.50 -> 0.512s   eta 58 min
[37/400] abandon  tlp=on  d=0.50 -> 0.506s   eta 58 min
[38/400] ecn      tlp=on  d=0.10 -> 1.284s   eta 58 min
[39/400] ecn      tlp=off d=0.10 -> 1.192s   eta 57 min
[40/400] fresh    tlp=on  d=0.50 -> 0.783s   eta 57 min
[41/400] classic  tlp=off d=0.50 -> 1.194s   eta 57 min
[42/400] abandon  tlp=on  d=0.10 -> 1.270s   eta 57 min
[43/400] abandon  tlp=on  d=0.50 -> 0.747s   eta 57 min
[44/400] classic  tlp=off d=0.50 -> 0.945s   eta 57 min
[45/400] ecn      tlp=off d=0.10 -> 1.245s   eta 56 min
[46/400] fresh    tlp=off d=0.50 -> 1.185s   eta 56 min
[47/400] fresh    tlp=on  d=0.10 -> 1.071s   eta 56 min
[48/400] fresh    tlp=on  d=0.50 -> 0.914s   eta 56 min
[49/400] abandon  tlp=off d=0.10 -> 1.510s   eta 56 min
[50/400] fresh    tlp=off d=0.50 -> 1.215s   eta 56 min
[51/400] abandon  tlp=off d=0.50 -> 1.350s   eta 56 min
[52/400] fresh    tlp=off d=0.10 -> 1.483s   eta 55 min
[53/400] l4s      tlp=off d=0.10 -> 1.427s   eta 55 min
[54/400] abandon  tlp=on  d=0.50 -> 0.913s   eta 55 min
[55/400] classic  tlp=on  d=0.50 -> 0.779s   eta 55 min
[56/400] ecn      tlp=off d=0.50 -> 0.960s   eta 55 min
[57/400] fresh    tlp=on  d=0.10 -> 1.239s   eta 55 min
[58/400] abandon  tlp=off d=0.50 -> 0.581s   eta 54 min
[59/400] ecn      tlp=on  d=0.50 -> 0.825s   eta 54 min
[60/400] l4s      tlp=on  d=0.50 -> 1.073s   eta 54 min
[61/400] fresh    tlp=on  d=0.50 -> 0.749s   eta 54 min
[62/400] ecn      tlp=on  d=0.10 -> 1.527s   eta 54 min
[63/400] ecn      tlp=on  d=0.10 -> 0.936s   eta 54 min
[64/400] ecn      tlp=on  d=0.10 -> 1.252s   eta 53 min
[65/400] ecn      tlp=off d=0.10 -> 1.277s   eta 53 min
[66/400] l4s      tlp=on  d=0.50 -> 1.237s   eta 53 min
[67/400] l4s      tlp=off d=0.10 -> 2.364s   eta 53 min
[68/400] classic  tlp=on  d=0.10 -> 1.174s   eta 53 min
[69/400] abandon  tlp=on  d=0.50 -> 0.628s   eta 53 min
[70/400] abandon  tlp=on  d=0.50 -> 0.528s   eta 53 min
[71/400] fresh    tlp=off d=0.10 -> 1.401s   eta 52 min
[72/400] ecn      tlp=on  d=0.50 -> 0.419s   eta 52 min
[73/400] abandon  tlp=off d=0.50 -> 0.764s   eta 52 min
[74/400] ecn      tlp=off d=0.50 -> 1.252s   eta 52 min
[75/400] l4s      tlp=off d=0.50 -> 1.114s   eta 52 min
[76/400] classic  tlp=on  d=0.50 -> 0.796s   eta 52 min
[77/400] fresh    tlp=on  d=0.50 -> 1.417s   eta 51 min
[78/400] classic  tlp=on  d=0.50 -> 0.660s   eta 51 min
[79/400] abandon  tlp=on  d=0.50 -> 0.687s   eta 51 min
[80/400] ecn      tlp=on  d=0.50 -> 0.730s   eta 51 min
[81/400] fresh    tlp=off d=0.50 -> 0.563s   eta 51 min
[82/400] classic  tlp=on  d=0.10 -> 1.325s   eta 51 min
[83/400] classic  tlp=off d=0.50 -> 0.649s   eta 50 min
[84/400] ecn      tlp=off d=0.50 -> 0.963s   eta 50 min
[85/400] abandon  tlp=off d=0.10 -> 1.627s   eta 50 min
[86/400] ecn      tlp=off d=0.10 -> 1.279s   eta 50 min
[87/400] abandon  tlp=off d=0.50 -> 0.828s   eta 50 min
[88/400] abandon  tlp=off d=0.10 -> 1.256s   eta 50 min
[89/400] ecn      tlp=off d=0.10 -> 1.368s   eta 49 min
[90/400] fresh    tlp=on  d=0.10 -> 2.222s   eta 49 min
[91/400] ecn      tlp=off d=0.50 -> 0.856s   eta 49 min
[92/400] fresh    tlp=off d=0.10 -> 1.473s   eta 49 min
[93/400] ecn      tlp=on  d=0.10 -> 1.340s   eta 49 min
[94/400] l4s      tlp=off d=0.50 -> 0.986s   eta 49 min
[95/400] classic  tlp=on  d=0.50 -> 1.230s   eta 49 min
[96/400] abandon  tlp=on  d=0.10 -> 1.295s   eta 48 min
[97/400] fresh    tlp=off d=0.50 -> 0.599s   eta 48 min
[98/400] ecn      tlp=off d=0.10 -> 0.986s   eta 48 min
[99/400] ecn      tlp=off d=0.50 -> 0.972s   eta 48 min
[100/400] fresh    tlp=on  d=0.50 -> 1.394s   eta 48 min
[101/400] classic  tlp=on  d=0.10 -> 1.205s   eta 48 min
[102/400] classic  tlp=on  d=0.10 -> 1.415s   eta 48 min
[103/400] classic  tlp=on  d=0.10 -> 1.433s   eta 47 min
[104/400] fresh    tlp=on  d=0.10 -> 2.624s   eta 47 min
[105/400] ecn      tlp=off d=0.50 -> 0.491s   eta 47 min
[106/400] ecn      tlp=off d=0.10 -> 1.140s   eta 47 min
[107/400] fresh    tlp=off d=0.10 -> 1.404s   eta 47 min
[108/400] classic  tlp=off d=0.50 -> 0.400s   eta 47 min
[109/400] ecn      tlp=off d=0.10 -> 1.638s   eta 46 min
[110/400] l4s      tlp=on  d=0.50 -> 0.980s   eta 46 min
[111/400] fresh    tlp=on  d=0.10 -> 1.352s   eta 46 min
[112/400] l4s      tlp=on  d=0.10 -> 1.423s   eta 46 min
[113/400] classic  tlp=off d=0.10 -> 1.446s   eta 46 min
[114/400] fresh    tlp=off d=0.10 -> 1.182s   eta 46 min
[115/400] abandon  tlp=off d=0.10 -> 1.627s   eta 45 min
[116/400] l4s      tlp=on  d=0.50 -> 1.096s   eta 45 min
[117/400] classic  tlp=on  d=0.50 -> 1.011s   eta 45 min
[118/400] fresh    tlp=off d=0.50 -> 1.032s   eta 45 min
[119/400] l4s      tlp=off d=0.50 -> 0.904s   eta 45 min
[120/400] classic  tlp=on  d=0.10 -> 1.654s   eta 45 min
[121/400] classic  tlp=off d=0.50 -> 1.099s   eta 45 min
[122/400] classic  tlp=off d=0.50 -> 0.538s   eta 44 min
[123/400] abandon  tlp=off d=0.10 -> 1.885s   eta 44 min
[124/400] fresh    tlp=on  d=0.10 -> 1.631s   eta 44 min
[125/400] fresh    tlp=off d=0.50 -> 0.602s   eta 44 min
[126/400] l4s      tlp=off d=0.50 -> 1.081s   eta 44 min
[127/400] abandon  tlp=on  d=0.50 -> 1.416s   eta 44 min
[128/400] abandon  tlp=on  d=0.10 -> 1.398s   eta 43 min
[129/400] l4s      tlp=on  d=0.50 -> 0.974s   eta 43 min
[130/400] fresh    tlp=off d=0.50 -> 0.447s   eta 43 min
[131/400] abandon  tlp=off d=0.50 -> 0.859s   eta 43 min
[132/400] classic  tlp=on  d=0.50 -> 0.566s   eta 43 min
[133/400] abandon  tlp=on  d=0.50 -> 0.751s   eta 43 min
[134/400] l4s      tlp=on  d=0.50 -> 0.971s   eta 42 min
[135/400] ecn      tlp=off d=0.50 -> 0.767s   eta 42 min
[136/400] ecn      tlp=off d=0.50 -> 0.652s   eta 42 min
[137/400] abandon  tlp=on  d=0.10 -> 1.272s   eta 42 min
[138/400] ecn      tlp=off d=0.50 -> 0.965s   eta 42 min
[139/400] l4s      tlp=off d=0.50 -> 0.999s   eta 42 min
[140/400] fresh    tlp=off d=0.50 -> 0.494s   eta 41 min
[141/400] fresh    tlp=off d=0.50 -> 0.635s   eta 41 min
[142/400] classic  tlp=off d=0.10 -> 1.460s   eta 41 min
[143/400] classic  tlp=off d=0.50 -> 0.644s   eta 41 min
[144/400] classic  tlp=off d=0.10 -> 1.800s   eta 41 min
[145/400] classic  tlp=off d=0.50 -> 0.928s   eta 41 min
[146/400] ecn      tlp=on  d=0.10 -> 1.283s   eta 41 min
[147/400] l4s      tlp=on  d=0.50 -> 1.054s   eta 40 min
[148/400] ecn      tlp=off d=0.10 -> 1.284s   eta 40 min
[149/400] l4s      tlp=off d=0.10 -> 1.589s   eta 40 min
[150/400] fresh    tlp=on  d=0.50 -> 0.577s   eta 40 min
[151/400] ecn      tlp=off d=0.50 -> 0.712s   eta 40 min
[152/400] abandon  tlp=off d=0.10 -> 2.424s   eta 40 min
[153/400] l4s      tlp=on  d=0.50 -> 1.150s   eta 39 min
[154/400] abandon  tlp=on  d=0.10 -> 1.238s   eta 39 min
[155/400] abandon  tlp=on  d=0.50 -> 1.052s   eta 39 min
[156/400] ecn      tlp=on  d=0.10 -> 1.310s   eta 39 min
[157/400] classic  tlp=on  d=0.10 -> 1.255s   eta 39 min
[158/400] classic  tlp=off d=0.10 -> 1.504s   eta 39 min
[159/400] classic  tlp=off d=0.50 -> 0.826s   eta 39 min
[160/400] fresh    tlp=off d=0.10 -> 1.656s   eta 38 min
[161/400] abandon  tlp=off d=0.50 -> 0.715s   eta 38 min
[162/400] fresh    tlp=off d=0.50 -> 1.108s   eta 38 min
[163/400] abandon  tlp=on  d=0.50 -> 0.629s   eta 38 min
[164/400] classic  tlp=off d=0.10 -> 1.346s   eta 38 min
[165/400] ecn      tlp=off d=0.50 -> 1.038s   eta 38 min
[166/400] fresh    tlp=off d=0.10 -> 1.432s   eta 37 min
[167/400] l4s      tlp=on  d=0.50 -> 0.804s   eta 37 min
[168/400] classic  tlp=off d=0.10 -> 3.673s   eta 37 min
[169/400] ecn      tlp=off d=0.50 -> 0.895s   eta 37 min
[170/400] ecn      tlp=on  d=0.50 -> 0.579s   eta 37 min
[171/400] abandon  tlp=off d=0.50 -> 1.391s   eta 37 min
[172/400] abandon  tlp=on  d=0.10 -> 1.337s   eta 36 min
[173/400] classic  tlp=off d=0.50 -> 0.573s   eta 36 min
[174/400] l4s      tlp=on  d=0.10 -> 1.281s   eta 36 min
[175/400] l4s      tlp=on  d=0.10 -> 1.289s   eta 36 min
[176/400] l4s      tlp=off d=0.50 -> 1.025s   eta 36 min
[177/400] l4s      tlp=on  d=0.10 -> 1.363s   eta 36 min
[178/400] l4s      tlp=off d=0.10 -> 1.325s   eta 36 min
[179/400] abandon  tlp=off d=0.50 -> 2.356s   eta 35 min
[180/400] l4s      tlp=off d=0.50 -> 1.075s   eta 35 min
[181/400] fresh    tlp=off d=0.50 -> 1.297s   eta 35 min
[182/400] classic  tlp=on  d=0.50 -> 1.506s   eta 35 min
[183/400] abandon  tlp=off d=0.10 -> 1.541s   eta 35 min
[184/400] classic  tlp=off d=0.50 -> 0.970s   eta 35 min
[185/400] abandon  tlp=off d=0.50 -> 1.205s   eta 34 min
[186/400] ecn      tlp=off d=0.50 -> 0.798s   eta 34 min
[187/400] classic  tlp=on  d=0.10 -> 1.670s   eta 34 min
[188/400] fresh    tlp=off d=0.10 -> 1.322s   eta 34 min
[189/400] abandon  tlp=on  d=0.10 -> 1.085s   eta 34 min
[190/400] classic  tlp=on  d=0.10 -> 1.362s   eta 34 min
[191/400] ecn      tlp=off d=0.10 -> 1.198s   eta 33 min
[192/400] fresh    tlp=on  d=0.50 -> 1.219s   eta 33 min
[193/400] ecn      tlp=on  d=0.50 -> 0.635s   eta 33 min
[194/400] ecn      tlp=off d=0.10 -> 1.193s   eta 33 min
[195/400] abandon  tlp=off d=0.10 -> 1.411s   eta 33 min
[196/400] classic  tlp=on  d=0.10 -> 1.513s   eta 33 min
[197/400] l4s      tlp=off d=0.10 -> 1.425s   eta 33 min
[198/400] ecn      tlp=off d=0.10 -> 1.217s   eta 32 min
[199/400] ecn      tlp=on  d=0.50 -> 0.659s   eta 32 min
[200/400] classic  tlp=on  d=0.10 -> 1.178s   eta 32 min
[201/400] ecn      tlp=off d=0.10 -> 1.378s   eta 32 min
[202/400] fresh    tlp=off d=0.10 -> 1.553s   eta 32 min
[203/400] ecn      tlp=on  d=0.50 -> 0.411s   eta 32 min
[204/400] l4s      tlp=off d=0.10 -> 1.258s   eta 31 min
[205/400] classic  tlp=on  d=0.50 -> 0.303s   eta 31 min
[206/400] l4s      tlp=on  d=0.10 -> 1.215s   eta 31 min
[207/400] l4s      tlp=on  d=0.50 -> 0.956s   eta 31 min
[208/400] ecn      tlp=on  d=0.50 -> 0.693s   eta 31 min
[209/400] abandon  tlp=off d=0.10 -> 1.110s   eta 31 min
[210/400] l4s      tlp=off d=0.10 -> 1.244s   eta 30 min
[211/400] l4s      tlp=on  d=0.10 -> 1.492s   eta 30 min
[212/400] classic  tlp=off d=0.10 -> 1.147s   eta 30 min
[213/400] abandon  tlp=off d=0.10 -> 1.205s   eta 30 min
[214/400] abandon  tlp=on  d=0.10 -> 0.732s   eta 30 min
[215/400] l4s      tlp=off d=0.10 -> 1.417s   eta 30 min
[216/400] fresh    tlp=on  d=0.50 -> 1.310s   eta 29 min
[217/400] abandon  tlp=off d=0.10 -> 0.964s   eta 29 min
[218/400] l4s      tlp=off d=0.50 -> 1.223s   eta 29 min
[219/400] l4s      tlp=on  d=0.50 -> 0.949s   eta 29 min
[220/400] abandon  tlp=off d=0.10 -> 1.081s   eta 29 min
[221/400] abandon  tlp=off d=0.50 -> 1.091s   eta 29 min
[222/400] classic  tlp=off d=0.10 -> 2.339s   eta 28 min
[223/400] abandon  tlp=off d=0.50 -> 1.326s   eta 28 min
[224/400] abandon  tlp=off d=0.10 -> 1.035s   eta 28 min
[225/400] ecn      tlp=on  d=0.10 -> 1.076s   eta 28 min
[226/400] l4s      tlp=off d=0.50 -> 0.998s   eta 28 min
[227/400] fresh    tlp=off d=0.10 -> 1.778s   eta 28 min
[228/400] l4s      tlp=on  d=0.50 -> 0.963s   eta 28 min
[229/400] ecn      tlp=off d=0.10 -> 1.422s   eta 27 min
[230/400] ecn      tlp=off d=0.10 -> 1.218s   eta 27 min
[231/400] ecn      tlp=on  d=0.10 -> 1.928s   eta 27 min
[232/400] classic  tlp=on  d=0.10 -> 1.370s   eta 27 min
[233/400] fresh    tlp=off d=0.10 -> 1.058s   eta 27 min
[234/400] l4s      tlp=off d=0.50 -> 1.574s   eta 27 min
[235/400] fresh    tlp=on  d=0.50 -> 0.585s   eta 26 min
[236/400] classic  tlp=on  d=0.10 -> 1.441s   eta 26 min
[237/400] l4s      tlp=off d=0.50 -> 1.182s   eta 26 min
[238/400] classic  tlp=on  d=0.10 -> 1.318s   eta 26 min
[239/400] l4s      tlp=off d=0.10 -> 1.439s   eta 26 min
[240/400] ecn      tlp=off d=0.10 -> 1.582s   eta 26 min
[241/400] l4s      tlp=off d=0.50 -> 1.037s   eta 25 min
[242/400] l4s      tlp=off d=0.10 -> 1.226s   eta 25 min
[243/400] fresh    tlp=on  d=0.50 -> 0.803s   eta 25 min
[244/400] abandon  tlp=on  d=0.10 -> 0.814s   eta 25 min
[245/400] l4s      tlp=off d=0.50 -> 1.178s   eta 25 min
[246/400] abandon  tlp=on  d=0.50 -> 0.666s   eta 25 min
[247/400] l4s      tlp=off d=0.10 -> 1.187s   eta 24 min
[248/400] ecn      tlp=off d=0.50 -> 0.905s   eta 24 min
[249/400] classic  tlp=off d=0.10 -> 1.541s   eta 24 min
[250/400] fresh    tlp=on  d=0.50 -> 0.638s   eta 24 min
[251/400] abandon  tlp=off d=0.50 -> 0.633s   eta 24 min
[252/400] l4s      tlp=off d=0.50 -> 1.150s   eta 24 min
[253/400] l4s      tlp=off d=0.50 -> 1.161s   eta 24 min
[254/400] fresh    tlp=on  d=0.10 -> 1.454s   eta 23 min
[255/400] classic  tlp=on  d=0.50 -> 0.606s   eta 23 min
[256/400] l4s      tlp=on  d=0.10 -> 1.328s   eta 23 min
[257/400] classic  tlp=off d=0.50 -> 0.691s   eta 23 min
[258/400] l4s      tlp=on  d=0.10 -> 1.377s   eta 23 min
[259/400] l4s      tlp=off d=0.10 -> 1.374s   eta 23 min
[260/400] l4s      tlp=on  d=0.50 -> 1.141s   eta 22 min
[261/400] l4s      tlp=on  d=0.10 -> 1.484s   eta 22 min
[262/400] abandon  tlp=off d=0.50 -> 1.758s   eta 22 min
[263/400] l4s      tlp=off d=0.10 -> 1.684s   eta 22 min
[264/400] ecn      tlp=on  d=0.10 -> 1.521s   eta 22 min
[265/400] ecn      tlp=on  d=0.10 -> 1.208s   eta 22 min
[266/400] abandon  tlp=off d=0.10 -> 1.217s   eta 21 min
[267/400] abandon  tlp=off d=0.10 -> 1.793s   eta 21 min
[268/400] classic  tlp=off d=0.50 -> 0.764s   eta 21 min
[269/400] classic  tlp=on  d=0.10 -> 1.077s   eta 21 min
[270/400] l4s      tlp=on  d=0.10 -> 1.251s   eta 21 min
[271/400] classic  tlp=on  d=0.10 -> 2.477s   eta 21 min
[272/400] abandon  tlp=on  d=0.10 -> 1.712s   eta 21 min
[273/400] classic  tlp=on  d=0.50 -> 0.943s   eta 20 min
[274/400] fresh    tlp=on  d=0.10 -> 1.556s   eta 20 min
[275/400] classic  tlp=off d=0.10 -> 0.982s   eta 20 min
[276/400] abandon  tlp=on  d=0.10 -> 1.682s   eta 20 min
[277/400] fresh    tlp=off d=0.10 -> 1.740s   eta 20 min
[278/400] classic  tlp=on  d=0.50 -> 0.836s   eta 20 min
[279/400] fresh    tlp=on  d=0.10 -> 1.708s   eta 19 min
[280/400] l4s      tlp=on  d=0.50 -> 1.062s   eta 19 min
[281/400] classic  tlp=off d=0.10 -> 1.398s   eta 19 min
[282/400] ecn      tlp=on  d=0.50 -> 0.774s   eta 19 min
[283/400] fresh    tlp=on  d=0.50 -> 0.929s   eta 19 min
[284/400] l4s      tlp=off d=0.50 -> 1.086s   eta 19 min
[285/400] fresh    tlp=on  d=0.50 -> 0.754s   eta 18 min
[286/400] classic  tlp=on  d=0.50 -> 0.586s   eta 18 min
[287/400] l4s      tlp=on  d=0.10 -> 1.311s   eta 18 min
[288/400] fresh    tlp=off d=0.10 -> 1.439s   eta 18 min
[289/400] ecn      tlp=off d=0.10 -> 1.097s   eta 18 min
[290/400] abandon  tlp=on  d=0.50 -> 0.988s   eta 18 min
[291/400] classic  tlp=on  d=0.50 -> 0.833s   eta 17 min
[292/400] abandon  tlp=on  d=0.50 -> 0.722s   eta 17 min
[293/400] fresh    tlp=on  d=0.50 -> 0.987s   eta 17 min
[294/400] classic  tlp=off d=0.10 -> 1.529s   eta 17 min
[295/400] abandon  tlp=on  d=0.50 -> 0.874s   eta 17 min
[296/400] abandon  tlp=on  d=0.10 -> 0.837s   eta 17 min
[297/400] fresh    tlp=on  d=0.50 -> 2.632s   eta 17 min
[298/400] ecn      tlp=on  d=0.50 -> 0.444s   eta 16 min
[299/400] l4s      tlp=on  d=0.10 -> 1.417s   eta 16 min
[300/400] ecn      tlp=on  d=0.50 -> 0.695s   eta 16 min
[301/400] fresh    tlp=on  d=0.10 -> 1.789s   eta 16 min
[302/400] ecn      tlp=on  d=0.10 -> 1.146s   eta 16 min
[303/400] ecn      tlp=on  d=0.10 -> 1.139s   eta 16 min
[304/400] fresh    tlp=off d=0.50 -> 0.901s   eta 15 min
[305/400] fresh    tlp=off d=0.10 -> 1.641s   eta 15 min
[306/400] fresh    tlp=off d=0.50 -> 1.387s   eta 15 min
[307/400] ecn      tlp=off d=0.50 -> 0.688s   eta 15 min
[308/400] l4s      tlp=on  d=0.50 -> 1.102s   eta 15 min
[309/400] fresh    tlp=on  d=0.10 -> 1.412s   eta 15 min
[310/400] abandon  tlp=off d=0.10 -> 1.665s   eta 14 min
[311/400] fresh    tlp=on  d=0.10 -> 1.256s   eta 14 min
[312/400] classic  tlp=on  d=0.50 -> 0.647s   eta 14 min
[313/400] abandon  tlp=on  d=0.10 -> 1.757s   eta 14 min
[314/400] fresh    tlp=on  d=0.50 -> 0.556s   eta 14 min
[315/400] ecn      tlp=on  d=0.10 -> 1.683s   eta 14 min
[316/400] l4s      tlp=off d=0.10 -> 1.296s   eta 13 min
[317/400] fresh    tlp=on  d=0.50 -> 1.193s   eta 13 min
[318/400] abandon  tlp=on  d=0.50 -> 1.550s   eta 13 min
[319/400] l4s      tlp=off d=0.10 -> 1.235s   eta 13 min
[320/400] classic  tlp=on  d=0.50 -> 1.033s   eta 13 min
[321/400] fresh    tlp=off d=0.10 -> 1.612s   eta 13 min
[322/400] classic  tlp=on  d=0.50 -> 0.790s   eta 13 min
[323/400] ecn      tlp=on  d=0.10 -> 1.224s   eta 12 min
[324/400] classic  tlp=off d=0.10 -> 1.498s   eta 12 min
[325/400] classic  tlp=off d=0.10 -> 1.348s   eta 12 min
[326/400] ecn      tlp=off d=0.10 -> 1.450s   eta 12 min
[327/400] fresh    tlp=on  d=0.10 -> 1.498s   eta 12 min
[328/400] l4s      tlp=on  d=0.10 -> 1.371s   eta 12 min
[329/400] fresh    tlp=off d=0.50 -> 0.776s   eta 11 min
[330/400] classic  tlp=off d=0.10 -> 1.647s   eta 11 min
[331/400] fresh    tlp=on  d=0.10 -> 1.654s   eta 11 min
[332/400] fresh    tlp=on  d=0.10 -> 1.736s   eta 11 min
[333/400] fresh    tlp=off d=0.50 -> 1.158s   eta 11 min
[334/400] ecn      tlp=off d=0.50 -> 0.923s   eta 11 min
[335/400] ecn      tlp=off d=0.50 -> 0.979s   eta 10 min
[336/400] ecn      tlp=on  d=0.10 -> 1.143s   eta 10 min
[337/400] fresh    tlp=on  d=0.10 -> 1.355s   eta 10 min
[338/400] abandon  tlp=off d=0.10 -> 0.952s   eta 10 min
[339/400] fresh    tlp=on  d=0.10 -> 1.526s   eta 10 min
[340/400] classic  tlp=on  d=0.10 -> 1.270s   eta 10 min
[341/400] l4s      tlp=off d=0.50 -> 1.118s   eta 9 min
[342/400] ecn      tlp=off d=0.50 -> 0.914s   eta 9 min
[343/400] abandon  tlp=on  d=0.10 -> 0.779s   eta 9 min
[344/400] ecn      tlp=on  d=0.10 -> 2.097s   eta 9 min
[345/400] l4s      tlp=off d=0.10 -> 1.542s   eta 9 min
[346/400] abandon  tlp=on  d=0.10 -> 1.364s   eta 9 min
[347/400] fresh    tlp=off d=0.10 -> 1.302s   eta 9 min
[348/400] classic  tlp=off d=0.10 -> 1.831s   eta 8 min
[349/400] abandon  tlp=off d=0.10 -> 1.011s   eta 8 min
[350/400] ecn      tlp=off d=0.50 -> 0.398s   eta 8 min
[351/400] classic  tlp=off d=0.50 -> 0.875s   eta 8 min
[352/400] ecn      tlp=on  d=0.50 -> 0.567s   eta 8 min
[353/400] abandon  tlp=on  d=0.50 -> 0.576s   eta 8 min
[354/400] ecn      tlp=on  d=0.50 -> 1.817s   eta 7 min
[355/400] classic  tlp=on  d=0.10 -> 1.282s   eta 7 min
[356/400] ecn      tlp=on  d=0.50 -> 0.544s   eta 7 min
[357/400] fresh    tlp=off d=0.10 -> 1.048s   eta 7 min
[358/400] abandon  tlp=off d=0.50 -> 0.528s   eta 7 min
[359/400] classic  tlp=off d=0.50 -> 0.636s   eta 7 min
[360/400] ecn      tlp=on  d=0.50 -> 0.812s   eta 6 min
[361/400] fresh    tlp=on  d=0.50 -> 2.336s   eta 6 min
[362/400] abandon  tlp=off d=0.50 -> 0.879s   eta 6 min
[363/400] classic  tlp=off d=0.10 -> 1.240s   eta 6 min
[364/400] ecn      tlp=on  d=0.50 -> 0.710s   eta 6 min
[365/400] abandon  tlp=on  d=0.50 -> 1.308s   eta 6 min
[366/400] classic  tlp=on  d=0.50 -> 0.804s   eta 5 min
[367/400] l4s      tlp=on  d=0.10 -> 1.232s   eta 5 min
[368/400] fresh    tlp=on  d=0.50 -> 1.036s   eta 5 min
[369/400] abandon  tlp=on  d=0.10 -> 2.506s   eta 5 min
[370/400] l4s      tlp=on  d=0.10 -> 1.307s   eta 5 min
[371/400] l4s      tlp=on  d=0.10 -> 1.502s   eta 5 min
[372/400] l4s      tlp=on  d=0.10 -> 1.309s   eta 4 min
[373/400] classic  tlp=on  d=0.10 -> 1.270s   eta 4 min
[374/400] l4s      tlp=off d=0.10 -> 1.168s   eta 4 min
[375/400] fresh    tlp=off d=0.50 -> 2.071s   eta 4 min
[376/400] ecn      tlp=on  d=0.50 -> 0.765s   eta 4 min
[377/400] abandon  tlp=off d=0.10 -> 1.336s   eta 4 min
[378/400] ecn      tlp=off d=0.10 -> 1.491s   eta 4 min
[379/400] classic  tlp=off d=0.50 -> 1.029s   eta 3 min
[380/400] abandon  tlp=on  d=0.50 -> 0.571s   eta 3 min
[381/400] l4s      tlp=on  d=0.10 -> 1.410s   eta 3 min
[382/400] fresh    tlp=off d=0.50 -> 1.813s   eta 3 min
[383/400] classic  tlp=off d=0.50 -> 1.185s   eta 3 min
[384/400] classic  tlp=on  d=0.50 -> 0.796s   eta 3 min
[385/400] l4s      tlp=on  d=0.10 -> 1.441s   eta 2 min
[386/400] fresh    tlp=on  d=0.10 -> 1.539s   eta 2 min
[387/400] l4s      tlp=off d=0.10 -> 1.350s   eta 2 min
[388/400] ecn      tlp=on  d=0.50 -> 0.728s   eta 2 min
[389/400] classic  tlp=on  d=0.50 -> 0.911s   eta 2 min
[390/400] abandon  tlp=on  d=0.10 -> 1.354s   eta 2 min
[391/400] fresh    tlp=on  d=0.10 -> 2.075s   eta 1 min
[392/400] classic  tlp=off d=0.50 -> 0.376s   eta 1 min
[393/400] abandon  tlp=off d=0.50 -> 0.718s   eta 1 min
[394/400] fresh    tlp=on  d=0.10 -> 1.307s   eta 1 min
[395/400] l4s      tlp=off d=0.50 -> 1.045s   eta 1 min
[396/400] ecn      tlp=off d=0.10 -> 1.166s   eta 1 min
[397/400] l4s      tlp=on  d=0.50 -> 1.165s   eta 0 min
[398/400] abandon  tlp=off d=0.50 -> 0.728s   eta 0 min
[399/400] fresh    tlp=off d=0.10 -> 1.295s   eta 0 min
[400/400] l4s      tlp=off d=0.50 -> 1.116s   eta 0 min
Warning: sch_htb: quantum of class 10010 is big. Consider r2q change.
topology up: AQM=dualpi2 RATE=50mbit RTT=30ms
leaf qdisc: dualpi2
  classic  ecn_negotiated(ss)=False L-queue packets=2  CE marks=0 drops=4  changed stats: {"bytes": 3137176, "packets": 2078, "drops": 4, "pkts_in_c": 2080, "pkts_in_l": 2, "maxq": 98, "max_memory_used": 237432}
           ss: ESTAB 0 0 10.0.2.1:48902 10.0.1.1:5001 cubic wscale:10,10 rto:231 rtt:30.151/11.32 ato:40 mss:1448 pmtu:1500 rcvmss:1448 advmss:1448 cwnd:10 bytes_sent:8 bytes_acked:9 bytes_received:3000000 segs_out:1291 segs_in:2075 data_segs_out:1 data_segs_in:2073 send 3841995bps lastsnd:666 lastrcv:13 lastack:13 pacing_rate 7683920bps delivery_rate 383456bps delivered:2 app_limited busy:30ms rcv_rtt:30 rcv_sp
  ecn      ecn_negotiated(ss)=False L-queue packets=0  CE marks=4 drops=0  changed stats: {"bytes": 3137274, "packets": 2079, "pkts_in_c": 2079, "maxq": 14, "ecn_mark": 4, "max_memory_used": 33712}
           ss: ESTAB 0 0 10.0.2.1:50004 10.0.1.2:5001 cubic wscale:10,10 rto:257 rtt:56.57/30.165 ato:40 mss:1448 pmtu:1500 rcvmss:1448 advmss:1448 cwnd:10 bytes_sent:8 bytes_acked:9 bytes_received:3000000 segs_out:1274 segs_in:2075 data_segs_out:1 data_segs_in:2073 send 2047728bps lastsnd:646 lastrcv:12 lastack:12 pacing_rate 4095456bps delivery_rate 383736bps delivered:2 app_limited busy:30ms rcv_rtt:30 rcv_sp
  l4s      ecn_negotiated(ss)=False L-queue packets=2074  CE marks=38 drops=0  changed stats: {"bytes": 3136958, "packets": 2075, "pkts_in_c": 1, "pkts_in_l": 2074, "ecn_mark": 38, "step_mark": 38}
           ss: ESTAB 0 0 10.0.2.1:48434 10.0.1.3:5003 dctcp wscale:10,10 rto:231 rtt:30.097/11.288 ato:40 mss:1448 pmtu:1500 rcvmss:1448 advmss:1448 cwnd:10 bytes_sent:8 bytes_acked:9 bytes_received:3000000 segs_out:1049 segs_in:2074 data_segs_out:1 data_segs_in:2072 dctcp:(ce_state:0,alpha:0,ab_ecn:0,ab_tot:0) send 3848889bps lastsnd:2177 lastrcv:14 lastack:14 pacing_rate 7697680bps delivery_rate 384936bps deli
expected: classic -> no ECN, no L packets; ecn -> ECN, no L packets; l4s -> ECN and L packets > 0
[1/400] classic  tlp=off d=0.10 -> 0.266s   eta 57 min
[2/400] ecn      tlp=off d=0.50 -> 0.331s   eta 59 min
[3/400] fresh    tlp=on  d=0.50 -> 0.218s   eta 58 min
[4/400] abandon  tlp=on  d=0.10 -> 0.280s   eta 58 min
[5/400] abandon  tlp=off d=0.50 -> 0.173s   eta 57 min
[6/400] classic  tlp=off d=0.10 -> 0.458s   eta 57 min
[7/400] abandon  tlp=on  d=0.10 -> 0.484s   eta 57 min
[8/400] abandon  tlp=on  d=0.50 -> 0.287s   eta 57 min
[9/400] l4s      tlp=on  d=0.10 -> 0.547s   eta 57 min
[10/400] fresh    tlp=off d=0.10 -> 0.389s   eta 57 min
[11/400] l4s      tlp=off d=0.10 -> 0.488s   eta 57 min
[12/400] l4s      tlp=off d=0.10 -> 0.486s   eta 57 min
[13/400] l4s      tlp=on  d=0.50 -> 0.457s   eta 57 min
[14/400] fresh    tlp=off d=0.10 -> 0.565s   eta 56 min
[15/400] classic  tlp=off d=0.50 -> 0.228s   eta 56 min
[16/400] classic  tlp=on  d=0.50 -> 0.150s   eta 56 min
[17/400] classic  tlp=off d=0.50 -> 0.154s   eta 56 min
[18/400] fresh    tlp=off d=0.50 -> 0.208s   eta 56 min
[19/400] ecn      tlp=on  d=0.50 -> 0.313s   eta 56 min
[20/400] classic  tlp=off d=0.10 -> 0.278s   eta 56 min
[21/400] l4s      tlp=off d=0.50 -> 0.548s   eta 56 min
[22/400] abandon  tlp=on  d=0.10 -> 0.313s   eta 55 min
[23/400] abandon  tlp=off d=0.50 -> 0.171s   eta 55 min
[24/400] l4s      tlp=on  d=0.50 -> 0.520s   eta 55 min
[25/400] ecn      tlp=on  d=0.10 -> 0.286s   eta 55 min
[26/400] classic  tlp=on  d=0.10 -> 0.281s   eta 55 min
[27/400] fresh    tlp=off d=0.50 -> 0.295s   eta 55 min
[28/400] abandon  tlp=off d=0.50 -> 0.202s   eta 55 min
[29/400] abandon  tlp=on  d=0.50 -> 0.165s   eta 54 min
[30/400] ecn      tlp=on  d=0.50 -> 0.134s   eta 54 min
[31/400] l4s      tlp=on  d=0.50 -> 0.489s   eta 54 min
[32/400] abandon  tlp=off d=0.10 -> 0.323s   eta 54 min
[33/400] l4s      tlp=on  d=0.50 -> 0.398s   eta 54 min
[34/400] ecn      tlp=on  d=0.10 -> 0.288s   eta 54 min
[35/400] ecn      tlp=on  d=0.10 -> 0.277s   eta 54 min
[36/400] fresh    tlp=off d=0.50 -> 0.364s   eta 53 min
[37/400] abandon  tlp=on  d=0.50 -> 0.166s   eta 53 min
[38/400] ecn      tlp=on  d=0.10 -> 0.276s   eta 53 min
[39/400] ecn      tlp=off d=0.10 -> 0.447s   eta 53 min
[40/400] fresh    tlp=on  d=0.50 -> 0.203s   eta 53 min
[41/400] classic  tlp=off d=0.50 -> 0.204s   eta 53 min
[42/400] abandon  tlp=on  d=0.10 -> 0.345s   eta 52 min
[43/400] abandon  tlp=on  d=0.50 -> 0.216s   eta 52 min
[44/400] classic  tlp=off d=0.50 -> 0.182s   eta 52 min
[45/400] ecn      tlp=off d=0.10 -> 0.295s   eta 52 min
[46/400] fresh    tlp=off d=0.50 -> 0.238s   eta 52 min
[47/400] fresh    tlp=on  d=0.10 -> 0.473s   eta 52 min
[48/400] fresh    tlp=on  d=0.50 -> 0.221s   eta 52 min
[49/400] abandon  tlp=off d=0.10 -> 0.340s   eta 51 min
[50/400] fresh    tlp=off d=0.50 -> 0.199s   eta 51 min
[51/400] abandon  tlp=off d=0.50 -> 0.233s   eta 51 min
[52/400] fresh    tlp=off d=0.10 -> 0.318s   eta 51 min
[53/400] l4s      tlp=off d=0.10 -> 0.549s   eta 51 min
[54/400] abandon  tlp=on  d=0.50 -> 0.180s   eta 51 min
[55/400] classic  tlp=on  d=0.50 -> 0.201s   eta 51 min
[56/400] ecn      tlp=off d=0.50 -> 0.146s   eta 50 min
[57/400] fresh    tlp=on  d=0.10 -> 0.329s   eta 50 min
[58/400] abandon  tlp=off d=0.50 -> 0.218s   eta 50 min
[59/400] ecn      tlp=on  d=0.50 -> 0.179s   eta 50 min
[60/400] l4s      tlp=on  d=0.50 -> 0.487s   eta 50 min
[61/400] fresh    tlp=on  d=0.50 -> 0.174s   eta 50 min
[62/400] ecn      tlp=on  d=0.10 -> 0.273s   eta 49 min
[63/400] ecn      tlp=on  d=0.10 -> 0.301s   eta 49 min
[64/400] ecn      tlp=on  d=0.10 -> 0.284s   eta 49 min
[65/400] ecn      tlp=off d=0.10 -> 0.293s   eta 49 min
[66/400] l4s      tlp=on  d=0.50 -> 0.427s   eta 49 min
[67/400] l4s      tlp=off d=0.10 -> 0.489s   eta 49 min
[68/400] classic  tlp=on  d=0.10 -> 0.262s   eta 49 min
[69/400] abandon  tlp=on  d=0.50 -> 0.208s   eta 48 min
[70/400] abandon  tlp=on  d=0.50 -> 0.173s   eta 48 min
[71/400] fresh    tlp=off d=0.10 -> 0.277s   eta 48 min
[72/400] ecn      tlp=on  d=0.50 -> 0.182s   eta 48 min
[73/400] abandon  tlp=off d=0.50 -> 0.277s   eta 48 min
[74/400] ecn      tlp=off d=0.50 -> 0.352s   eta 48 min
[75/400] l4s      tlp=off d=0.50 -> 0.428s   eta 48 min
[76/400] classic  tlp=on  d=0.50 -> 0.185s   eta 47 min
[77/400] fresh    tlp=on  d=0.50 -> 0.208s   eta 47 min
[78/400] classic  tlp=on  d=0.50 -> 0.167s   eta 47 min
[79/400] abandon  tlp=on  d=0.50 -> 0.154s   eta 47 min
[80/400] ecn      tlp=on  d=0.50 -> 0.197s   eta 47 min
[81/400] fresh    tlp=off d=0.50 -> 0.244s   eta 47 min
[82/400] classic  tlp=on  d=0.10 -> 0.292s   eta 47 min
[83/400] classic  tlp=off d=0.50 -> 0.189s   eta 46 min
[84/400] ecn      tlp=off d=0.50 -> 0.184s   eta 46 min
[85/400] abandon  tlp=off d=0.10 -> 0.327s   eta 46 min
[86/400] ecn      tlp=off d=0.10 -> 0.429s   eta 46 min
[87/400] abandon  tlp=off d=0.50 -> 0.289s   eta 46 min
[88/400] abandon  tlp=off d=0.10 -> 0.286s   eta 46 min
[89/400] ecn      tlp=off d=0.10 -> 0.290s   eta 46 min
[90/400] fresh    tlp=on  d=0.10 -> 0.417s   eta 45 min
[91/400] ecn      tlp=off d=0.50 -> 0.150s   eta 45 min
[92/400] fresh    tlp=off d=0.10 -> 0.360s   eta 45 min
[93/400] ecn      tlp=on  d=0.10 -> 0.295s   eta 45 min
[94/400] l4s      tlp=off d=0.50 -> 0.425s   eta 45 min
[95/400] classic  tlp=on  d=0.50 -> 0.143s   eta 45 min
[96/400] abandon  tlp=on  d=0.10 -> 0.264s   eta 44 min
[97/400] fresh    tlp=off d=0.50 -> 0.182s   eta 44 min
[98/400] ecn      tlp=off d=0.10 -> 0.284s   eta 44 min
[99/400] ecn      tlp=off d=0.50 -> 0.143s   eta 44 min
[100/400] fresh    tlp=on  d=0.50 -> 0.285s   eta 44 min
[101/400] classic  tlp=on  d=0.10 -> 0.373s   eta 44 min
[102/400] classic  tlp=on  d=0.10 -> 0.664s   eta 44 min
[103/400] classic  tlp=on  d=0.10 -> 0.614s   eta 43 min
[104/400] fresh    tlp=on  d=0.10 -> 0.290s   eta 43 min
[105/400] ecn      tlp=off d=0.50 -> 0.185s   eta 43 min
[106/400] ecn      tlp=off d=0.10 -> 0.338s   eta 43 min
[107/400] fresh    tlp=off d=0.10 -> 0.333s   eta 43 min
[108/400] classic  tlp=off d=0.50 -> 0.206s   eta 43 min
[109/400] ecn      tlp=off d=0.10 -> 0.244s   eta 43 min
[110/400] l4s      tlp=on  d=0.50 -> 0.457s   eta 42 min
[111/400] fresh    tlp=on  d=0.10 -> 0.342s   eta 42 min
[112/400] l4s      tlp=on  d=0.10 -> 0.520s   eta 42 min
[113/400] classic  tlp=off d=0.10 -> 0.369s   eta 42 min
[114/400] fresh    tlp=off d=0.10 -> 0.344s   eta 42 min
[115/400] abandon  tlp=off d=0.10 -> 0.331s   eta 42 min
[116/400] l4s      tlp=on  d=0.50 -> 0.458s   eta 42 min
[117/400] classic  tlp=on  d=0.50 -> 0.180s   eta 41 min
[118/400] fresh    tlp=off d=0.50 -> 0.300s   eta 41 min
[119/400] l4s      tlp=off d=0.50 -> 0.458s   eta 41 min
[120/400] classic  tlp=on  d=0.10 -> 0.298s   eta 41 min
[121/400] classic  tlp=off d=0.50 -> 0.189s   eta 41 min
[122/400] classic  tlp=off d=0.50 -> 0.181s   eta 41 min
[123/400] abandon  tlp=off d=0.10 -> 0.336s   eta 41 min
[124/400] fresh    tlp=on  d=0.10 -> 0.333s   eta 40 min
[125/400] fresh    tlp=off d=0.50 -> 0.217s   eta 40 min
[126/400] l4s      tlp=off d=0.50 -> 0.427s   eta 40 min
[127/400] abandon  tlp=on  d=0.50 -> 0.191s   eta 40 min
[128/400] abandon  tlp=on  d=0.10 -> 0.316s   eta 40 min
[129/400] l4s      tlp=on  d=0.50 -> 0.547s   eta 40 min
[130/400] fresh    tlp=off d=0.50 -> 0.251s   eta 40 min
[131/400] abandon  tlp=off d=0.50 -> 0.181s   eta 39 min
[132/400] classic  tlp=on  d=0.50 -> 0.201s   eta 39 min
[133/400] abandon  tlp=on  d=0.50 -> 0.157s   eta 39 min
[134/400] l4s      tlp=on  d=0.50 -> 0.548s   eta 39 min
[135/400] ecn      tlp=off d=0.50 -> 0.186s   eta 39 min
[136/400] ecn      tlp=off d=0.50 -> 0.186s   eta 39 min
[137/400] abandon  tlp=on  d=0.10 -> 0.578s   eta 39 min
[138/400] ecn      tlp=off d=0.50 -> 0.149s   eta 38 min
[139/400] l4s      tlp=off d=0.50 -> 0.366s   eta 38 min
[140/400] fresh    tlp=off d=0.50 -> 0.261s   eta 38 min
[141/400] fresh    tlp=off d=0.50 -> 0.221s   eta 38 min
[142/400] classic  tlp=off d=0.10 -> 0.300s   eta 38 min
[143/400] classic  tlp=off d=0.50 -> 0.184s   eta 38 min
[144/400] classic  tlp=off d=0.10 -> 0.590s   eta 38 min
[145/400] classic  tlp=off d=0.50 -> 0.334s   eta 37 min
[146/400] ecn      tlp=on  d=0.10 -> 0.278s   eta 37 min
[147/400] l4s      tlp=on  d=0.50 -> 0.369s   eta 37 min
[148/400] ecn      tlp=off d=0.10 -> 0.354s   eta 37 min
[149/400] l4s      tlp=off d=0.10 -> 0.549s   eta 37 min
[150/400] fresh    tlp=on  d=0.50 -> 0.229s   eta 37 min
[151/400] ecn      tlp=off d=0.50 -> 0.128s   eta 36 min
[152/400] abandon  tlp=off d=0.10 -> 0.369s   eta 36 min
[153/400] l4s      tlp=on  d=0.50 -> 0.458s   eta 36 min
[154/400] abandon  tlp=on  d=0.10 -> 0.364s   eta 36 min
[155/400] abandon  tlp=on  d=0.50 -> 0.180s   eta 36 min
[156/400] ecn      tlp=on  d=0.10 -> 0.286s   eta 36 min
[157/400] classic  tlp=on  d=0.10 -> 0.413s   eta 36 min
[158/400] classic  tlp=off d=0.10 -> 0.288s   eta 35 min
[159/400] classic  tlp=off d=0.50 -> 0.183s   eta 35 min
[160/400] fresh    tlp=off d=0.10 -> 0.471s   eta 35 min
[161/400] abandon  tlp=off d=0.50 -> 0.179s   eta 35 min
[162/400] fresh    tlp=off d=0.50 -> 0.183s   eta 35 min
[163/400] abandon  tlp=on  d=0.50 -> 0.223s   eta 35 min
[164/400] classic  tlp=off d=0.10 -> 0.351s   eta 35 min
[165/400] ecn      tlp=off d=0.50 -> 0.187s   eta 34 min
[166/400] fresh    tlp=off d=0.10 -> 0.432s   eta 34 min
[167/400] l4s      tlp=on  d=0.50 -> 0.368s   eta 34 min
[168/400] classic  tlp=off d=0.10 -> 0.337s   eta 34 min
[169/400] ecn      tlp=off d=0.50 -> 0.210s   eta 34 min
[170/400] ecn      tlp=on  d=0.50 -> 0.139s   eta 34 min
[171/400] abandon  tlp=off d=0.50 -> 0.182s   eta 34 min
[172/400] abandon  tlp=on  d=0.10 -> 0.418s   eta 33 min
[173/400] classic  tlp=off d=0.50 -> 0.147s   eta 33 min
[174/400] l4s      tlp=on  d=0.10 -> 0.460s   eta 33 min
[175/400] l4s      tlp=on  d=0.10 -> 0.548s   eta 33 min
[176/400] l4s      tlp=off d=0.50 -> 0.458s   eta 33 min
[177/400] l4s      tlp=on  d=0.10 -> 0.490s   eta 33 min
[178/400] l4s      tlp=off d=0.10 -> 0.515s   eta 33 min
[179/400] abandon  tlp=off d=0.50 -> 0.165s   eta 32 min
[180/400] l4s      tlp=off d=0.50 -> 0.518s   eta 32 min
[181/400] fresh    tlp=off d=0.50 -> 0.237s   eta 32 min
[182/400] classic  tlp=on  d=0.50 -> 0.354s   eta 32 min
[183/400] abandon  tlp=off d=0.10 -> 0.329s   eta 32 min
[184/400] classic  tlp=off d=0.50 -> 0.138s   eta 32 min
[185/400] abandon  tlp=off d=0.50 -> 0.177s   eta 32 min
[186/400] ecn      tlp=off d=0.50 -> 0.183s   eta 31 min
[187/400] classic  tlp=on  d=0.10 -> 0.342s   eta 31 min
[188/400] fresh    tlp=off d=0.10 -> 0.291s   eta 31 min
[189/400] abandon  tlp=on  d=0.10 -> 0.392s   eta 31 min
[190/400] classic  tlp=on  d=0.10 -> 0.411s   eta 31 min
[191/400] ecn      tlp=off d=0.10 -> 0.480s   eta 31 min
[192/400] fresh    tlp=on  d=0.50 -> 0.243s   eta 30 min
[193/400] ecn      tlp=on  d=0.50 -> 0.184s   eta 30 min
[194/400] ecn      tlp=off d=0.10 -> 0.305s   eta 30 min
[195/400] abandon  tlp=off d=0.10 -> 0.290s   eta 30 min
[196/400] classic  tlp=on  d=0.10 -> 0.365s   eta 30 min
[197/400] l4s      tlp=off d=0.10 -> 0.427s   eta 30 min
[198/400] ecn      tlp=off d=0.10 -> 0.286s   eta 30 min
[199/400] ecn      tlp=on  d=0.50 -> 0.126s   eta 29 min
[200/400] classic  tlp=on  d=0.10 -> 0.340s   eta 29 min
[201/400] ecn      tlp=off d=0.10 -> 0.289s   eta 29 min
[202/400] fresh    tlp=off d=0.10 -> 0.270s   eta 29 min
[203/400] ecn      tlp=on  d=0.50 -> 0.128s   eta 29 min
[204/400] l4s      tlp=off d=0.10 -> 0.516s   eta 29 min
[205/400] classic  tlp=on  d=0.50 -> 0.202s   eta 29 min
[206/400] l4s      tlp=on  d=0.10 -> 0.548s   eta 28 min
[207/400] l4s      tlp=on  d=0.50 -> 0.519s   eta 28 min
[208/400] ecn      tlp=on  d=0.50 -> 0.134s   eta 28 min
[209/400] abandon  tlp=off d=0.10 -> 0.389s   eta 28 min
[210/400] l4s      tlp=off d=0.10 -> 0.549s   eta 28 min
[211/400] l4s      tlp=on  d=0.10 -> 0.548s   eta 28 min
[212/400] classic  tlp=off d=0.10 -> 0.282s   eta 28 min
[213/400] abandon  tlp=off d=0.10 -> 0.321s   eta 27 min
[214/400] abandon  tlp=on  d=0.10 -> 0.282s   eta 27 min
[215/400] l4s      tlp=off d=0.10 -> 0.488s   eta 27 min
[216/400] fresh    tlp=on  d=0.50 -> 0.285s   eta 27 min
[217/400] abandon  tlp=off d=0.10 -> 0.437s   eta 27 min
[218/400] l4s      tlp=off d=0.50 -> 0.459s   eta 27 min
[219/400] l4s      tlp=on  d=0.50 -> 0.370s   eta 27 min
[220/400] abandon  tlp=off d=0.10 -> 0.268s   eta 26 min
[221/400] abandon  tlp=off d=0.50 -> 0.232s   eta 26 min
[222/400] classic  tlp=off d=0.10 -> 0.284s   eta 26 min
[223/400] abandon  tlp=off d=0.50 -> 0.277s   eta 26 min
[224/400] abandon  tlp=off d=0.10 -> 0.258s   eta 26 min
[225/400] ecn      tlp=on  d=0.10 -> 0.298s   eta 26 min
[226/400] l4s      tlp=off d=0.50 -> 0.398s   eta 25 min
[227/400] fresh    tlp=off d=0.10 -> 0.497s   eta 25 min
[228/400] l4s      tlp=on  d=0.50 -> 0.397s   eta 25 min
[229/400] ecn      tlp=off d=0.10 -> 0.330s   eta 25 min
[230/400] ecn      tlp=off d=0.10 -> 0.292s   eta 25 min
[231/400] ecn      tlp=on  d=0.10 -> 0.288s   eta 25 min
[232/400] classic  tlp=on  d=0.10 -> 0.384s   eta 25 min
[233/400] fresh    tlp=off d=0.10 -> 0.334s   eta 24 min
[234/400] l4s      tlp=off d=0.50 -> 0.456s   eta 24 min
[235/400] fresh    tlp=on  d=0.50 -> 0.395s   eta 24 min
[236/400] classic  tlp=on  d=0.10 -> 0.290s   eta 24 min
[237/400] l4s      tlp=off d=0.50 -> 0.550s   eta 24 min
[238/400] classic  tlp=on  d=0.10 -> 0.291s   eta 24 min
[239/400] l4s      tlp=off d=0.10 -> 0.489s   eta 24 min
[240/400] ecn      tlp=off d=0.10 -> 0.277s   eta 23 min
[241/400] l4s      tlp=off d=0.50 -> 0.519s   eta 23 min
[242/400] l4s      tlp=off d=0.10 -> 0.430s   eta 23 min
[243/400] fresh    tlp=on  d=0.50 -> 0.294s   eta 23 min
[244/400] abandon  tlp=on  d=0.10 -> 0.344s   eta 23 min
[245/400] l4s      tlp=off d=0.50 -> 0.489s   eta 23 min
[246/400] abandon  tlp=on  d=0.50 -> 0.216s   eta 23 min
[247/400] l4s      tlp=off d=0.10 -> 0.548s   eta 22 min
[248/400] ecn      tlp=off d=0.50 -> 0.191s   eta 22 min
[249/400] classic  tlp=off d=0.10 -> 0.283s   eta 22 min
[250/400] fresh    tlp=on  d=0.50 -> 0.180s   eta 22 min
[251/400] abandon  tlp=off d=0.50 -> 0.211s   eta 22 min
[252/400] l4s      tlp=off d=0.50 -> 0.517s   eta 22 min
[253/400] l4s      tlp=off d=0.50 -> 0.458s   eta 22 min
[254/400] fresh    tlp=on  d=0.10 -> 0.335s   eta 21 min
[255/400] classic  tlp=on  d=0.50 -> 0.337s   eta 21 min
[256/400] l4s      tlp=on  d=0.10 -> 0.517s   eta 21 min
[257/400] classic  tlp=off d=0.50 -> 0.188s   eta 21 min
[258/400] l4s      tlp=on  d=0.10 -> 0.488s   eta 21 min
[259/400] l4s      tlp=off d=0.10 -> 0.608s   eta 21 min
[260/400] l4s      tlp=on  d=0.50 -> 0.517s   eta 21 min
[261/400] l4s      tlp=on  d=0.10 -> 0.549s   eta 20 min
[262/400] abandon  tlp=off d=0.50 -> 0.214s   eta 20 min
[263/400] l4s      tlp=off d=0.10 -> 0.517s   eta 20 min
[264/400] ecn      tlp=on  d=0.10 -> 0.299s   eta 20 min
[265/400] ecn      tlp=on  d=0.10 -> 0.261s   eta 20 min
[266/400] abandon  tlp=off d=0.10 -> 0.391s   eta 20 min
[267/400] abandon  tlp=off d=0.10 -> 0.265s   eta 19 min
[268/400] classic  tlp=off d=0.50 -> 0.294s   eta 19 min
[269/400] classic  tlp=on  d=0.10 -> 0.408s   eta 19 min
[270/400] l4s      tlp=on  d=0.10 -> 0.426s   eta 19 min
[271/400] classic  tlp=on  d=0.10 -> 0.332s   eta 19 min
[272/400] abandon  tlp=on  d=0.10 -> 0.262s   eta 19 min
[273/400] classic  tlp=on  d=0.50 -> 0.141s   eta 19 min
[274/400] fresh    tlp=on  d=0.10 -> 0.291s   eta 18 min
[275/400] classic  tlp=off d=0.10 -> 0.376s   eta 18 min
[276/400] abandon  tlp=on  d=0.10 -> 0.308s   eta 18 min
[277/400] fresh    tlp=off d=0.10 -> 0.394s   eta 18 min
[278/400] classic  tlp=on  d=0.50 -> 0.174s   eta 18 min
[279/400] fresh    tlp=on  d=0.10 -> 0.497s   eta 18 min
[280/400] l4s      tlp=on  d=0.50 -> 0.457s   eta 18 min
[281/400] classic  tlp=off d=0.10 -> 0.475s   eta 17 min
[282/400] ecn      tlp=on  d=0.50 -> 0.277s   eta 17 min
[283/400] fresh    tlp=on  d=0.50 -> 0.201s   eta 17 min
[284/400] l4s      tlp=off d=0.50 -> 0.397s   eta 17 min
[285/400] fresh    tlp=on  d=0.50 -> 0.212s   eta 17 min
[286/400] classic  tlp=on  d=0.50 -> 0.272s   eta 17 min
[287/400] l4s      tlp=on  d=0.10 -> 0.458s   eta 17 min
[288/400] fresh    tlp=off d=0.10 -> 0.448s   eta 16 min
[289/400] ecn      tlp=off d=0.10 -> 0.287s   eta 16 min
[290/400] abandon  tlp=on  d=0.50 -> 0.172s   eta 16 min
[291/400] classic  tlp=on  d=0.50 -> 0.184s   eta 16 min
[292/400] abandon  tlp=on  d=0.50 -> 0.172s   eta 16 min
[293/400] fresh    tlp=on  d=0.50 -> 0.188s   eta 16 min
[294/400] classic  tlp=off d=0.10 -> 0.573s   eta 16 min
[295/400] abandon  tlp=on  d=0.50 -> 0.210s   eta 15 min
[296/400] abandon  tlp=on  d=0.10 -> 0.318s   eta 15 min
[297/400] fresh    tlp=on  d=0.50 -> 0.229s   eta 15 min
[298/400] ecn      tlp=on  d=0.50 -> 0.142s   eta 15 min
[299/400] l4s      tlp=on  d=0.10 -> 0.609s   eta 15 min
[300/400] ecn      tlp=on  d=0.50 -> 0.134s   eta 15 min
[301/400] fresh    tlp=on  d=0.10 -> 0.346s   eta 14 min
[302/400] ecn      tlp=on  d=0.10 -> 0.275s   eta 14 min
[303/400] ecn      tlp=on  d=0.10 -> 0.297s   eta 14 min
[304/400] fresh    tlp=off d=0.50 -> 0.190s   eta 14 min
[305/400] fresh    tlp=off d=0.10 -> 0.328s   eta 14 min
[306/400] fresh    tlp=off d=0.50 -> 0.217s   eta 14 min
[307/400] ecn      tlp=off d=0.50 -> 0.146s   eta 14 min
[308/400] l4s      tlp=on  d=0.50 -> 0.367s   eta 13 min
[309/400] fresh    tlp=on  d=0.10 -> 0.343s   eta 13 min
[310/400] abandon  tlp=off d=0.10 -> 0.321s   eta 13 min
[311/400] fresh    tlp=on  d=0.10 -> 0.579s   eta 13 min
[312/400] classic  tlp=on  d=0.50 -> 0.246s   eta 13 min
[313/400] abandon  tlp=on  d=0.10 -> 0.292s   eta 13 min
[314/400] fresh    tlp=on  d=0.50 -> 0.203s   eta 13 min
[315/400] ecn      tlp=on  d=0.10 -> 0.293s   eta 12 min
[316/400] l4s      tlp=off d=0.10 -> 0.487s   eta 12 min
[317/400] fresh    tlp=on  d=0.50 -> 0.395s   eta 12 min
[318/400] abandon  tlp=on  d=0.50 -> 0.164s   eta 12 min
[319/400] l4s      tlp=off d=0.10 -> 0.429s   eta 12 min
[320/400] classic  tlp=on  d=0.50 -> 0.186s   eta 12 min
[321/400] fresh    tlp=off d=0.10 -> 0.388s   eta 12 min
[322/400] classic  tlp=on  d=0.50 -> 0.205s   eta 11 min
[323/400] ecn      tlp=on  d=0.10 -> 0.329s   eta 11 min
[324/400] classic  tlp=off d=0.10 -> 0.285s   eta 11 min
[325/400] classic  tlp=off d=0.10 -> 0.400s   eta 11 min
[326/400] ecn      tlp=off d=0.10 -> 0.282s   eta 11 min
[327/400] fresh    tlp=on  d=0.10 -> 0.323s   eta 11 min
[328/400] l4s      tlp=on  d=0.10 -> 0.519s   eta 11 min
[329/400] fresh    tlp=off d=0.50 -> 0.199s   eta 10 min
[330/400] classic  tlp=off d=0.10 -> 0.374s   eta 10 min
[331/400] fresh    tlp=on  d=0.10 -> 0.345s   eta 10 min
[332/400] fresh    tlp=on  d=0.10 -> 0.333s   eta 10 min
[333/400] fresh    tlp=off d=0.50 -> 0.228s   eta 10 min
[334/400] ecn      tlp=off d=0.50 -> 0.142s   eta 10 min
[335/400] ecn      tlp=off d=0.50 -> 0.141s   eta 10 min
[336/400] ecn      tlp=on  d=0.10 -> 0.289s   eta 9 min
[337/400] fresh    tlp=on  d=0.10 -> 0.631s   eta 9 min
[338/400] abandon  tlp=off d=0.10 -> 0.450s   eta 9 min
[339/400] fresh    tlp=on  d=0.10 -> 0.270s   eta 9 min
[340/400] classic  tlp=on  d=0.10 -> 0.287s   eta 9 min
[341/400] l4s      tlp=off d=0.50 -> 0.395s   eta 9 min
[342/400] ecn      tlp=off d=0.50 -> 0.174s   eta 8 min
[343/400] abandon  tlp=on  d=0.10 -> 0.570s   eta 8 min
[344/400] ecn      tlp=on  d=0.10 -> 0.265s   eta 8 min
[345/400] l4s      tlp=off d=0.10 -> 0.455s   eta 8 min
[346/400] abandon  tlp=on  d=0.10 -> 0.638s   eta 8 min
[347/400] fresh    tlp=off d=0.10 -> 0.352s   eta 8 min
[348/400] classic  tlp=off d=0.10 -> 0.438s   eta 8 min
[349/400] abandon  tlp=off d=0.10 -> 0.623s   eta 7 min
[350/400] ecn      tlp=off d=0.50 -> 0.320s   eta 7 min
[351/400] classic  tlp=off d=0.50 -> 0.143s   eta 7 min
[352/400] ecn      tlp=on  d=0.50 -> 0.196s   eta 7 min
[353/400] abandon  tlp=on  d=0.50 -> 0.399s   eta 7 min
[354/400] ecn      tlp=on  d=0.50 -> 0.194s   eta 7 min
[355/400] classic  tlp=on  d=0.10 -> 0.334s   eta 7 min
[356/400] ecn      tlp=on  d=0.50 -> 0.195s   eta 6 min
[357/400] fresh    tlp=off d=0.10 -> 0.350s   eta 6 min
[358/400] abandon  tlp=off d=0.50 -> 0.224s   eta 6 min
[359/400] classic  tlp=off d=0.50 -> 0.194s   eta 6 min
[360/400] ecn      tlp=on  d=0.50 -> 0.253s   eta 6 min
[361/400] fresh    tlp=on  d=0.50 -> 0.507s   eta 6 min
[362/400] abandon  tlp=off d=0.50 -> 0.278s   eta 6 min
[363/400] classic  tlp=off d=0.10 -> 0.282s   eta 5 min
[364/400] ecn      tlp=on  d=0.50 -> 0.251s   eta 5 min
[365/400] abandon  tlp=on  d=0.50 -> 0.176s   eta 5 min
[366/400] classic  tlp=on  d=0.50 -> 0.229s   eta 5 min
[367/400] l4s      tlp=on  d=0.10 -> 0.550s   eta 5 min
[368/400] fresh    tlp=on  d=0.50 -> 0.215s   eta 5 min
[369/400] abandon  tlp=on  d=0.10 -> 0.282s   eta 5 min
[370/400] l4s      tlp=on  d=0.10 -> 0.519s   eta 4 min
[371/400] l4s      tlp=on  d=0.10 -> 0.549s   eta 4 min
[372/400] l4s      tlp=on  d=0.10 -> 0.488s   eta 4 min
[373/400] classic  tlp=on  d=0.10 -> 0.347s   eta 4 min
[374/400] l4s      tlp=off d=0.10 -> 0.489s   eta 4 min
[375/400] fresh    tlp=off d=0.50 -> 0.249s   eta 4 min
[376/400] ecn      tlp=on  d=0.50 -> 0.140s   eta 4 min
[377/400] abandon  tlp=off d=0.10 -> 0.276s   eta 3 min
[378/400] ecn      tlp=off d=0.10 -> 0.258s   eta 3 min
[379/400] classic  tlp=off d=0.50 -> 0.186s   eta 3 min
[380/400] abandon  tlp=on  d=0.50 -> 0.226s   eta 3 min
[381/400] l4s      tlp=on  d=0.10 -> 0.459s   eta 3 min
[382/400] fresh    tlp=off d=0.50 -> 0.198s   eta 3 min
[383/400] classic  tlp=off d=0.50 -> 0.146s   eta 2 min
[384/400] classic  tlp=on  d=0.50 -> 0.176s   eta 2 min
[385/400] l4s      tlp=on  d=0.10 -> 0.488s   eta 2 min
[386/400] fresh    tlp=on  d=0.10 -> 0.270s   eta 2 min
[387/400] l4s      tlp=off d=0.10 -> 0.579s   eta 2 min
[388/400] ecn      tlp=on  d=0.50 -> 0.148s   eta 2 min
[389/400] classic  tlp=on  d=0.50 -> 0.193s   eta 2 min
[390/400] abandon  tlp=on  d=0.10 -> 0.385s   eta 1 min
[391/400] fresh    tlp=on  d=0.10 -> 0.353s   eta 1 min
[392/400] classic  tlp=off d=0.50 -> 0.318s   eta 1 min
[393/400] abandon  tlp=off d=0.50 -> 0.236s   eta 1 min
[394/400] fresh    tlp=on  d=0.10 -> 0.366s   eta 1 min
[395/400] l4s      tlp=off d=0.50 -> 0.456s   eta 1 min
[396/400] ecn      tlp=off d=0.10 -> 0.290s   eta 1 min
[397/400] l4s      tlp=on  d=0.50 -> 0.368s   eta 0 min
[398/400] abandon  tlp=off d=0.50 -> 0.237s   eta 0 min
[399/400] fresh    tlp=off d=0.10 -> 0.732s   eta 0 min
[400/400] l4s      tlp=off d=0.50 -> 0.548s   eta 0 min
Warning: sch_htb: quantum of class 10010 is big. Consider r2q change.
topology up: AQM=fifo RATE=50mbit RTT=30ms
[1/240] classic  tlp=off d=0.10 -> FAIL(TimeoutError)   eta 54 min
[2/240] l4s      tlp=on  d=0.50 -> FAIL(TimeoutError)   eta 54 min
[3/240] l4s      tlp=on  d=0.10 -> FAIL(TimeoutError)   eta 54 min
[4/240] abandon  tlp=on  d=0.10 -> FAIL(TimeoutError)   eta 53 min
[5/240] classic  tlp=on  d=0.50 -> FAIL(TimeoutError)   eta 53 min
[6/240] abandon  tlp=on  d=0.50 -> FAIL(TimeoutError)   eta 53 min
[7/240] l4s      tlp=off d=0.10 -> FAIL(TimeoutError)   eta 53 min
[8/240] classic  tlp=off d=0.10 -> FAIL(TimeoutError)   eta 52 min
[9/240] abandon  tlp=on  d=0.10 -> FAIL(TimeoutError)   eta 52 min
[10/240] l4s      tlp=off d=0.50 -> FAIL(TimeoutError)   eta 52 min
[11/240] abandon  tlp=on  d=0.10 -> FAIL(TimeoutError)   eta 52 min
[12/240] l4s      tlp=on  d=0.50 -> FAIL(TimeoutError)   eta 51 min
[13/240] classic  tlp=on  d=0.50 -> FAIL(TimeoutError)   eta 51 min
[14/240] abandon  tlp=on  d=0.50 -> FAIL(TimeoutError)   eta 51 min
[15/240] classic  tlp=off d=0.50 -> FAIL(TimeoutError)   eta 51 min
[16/240] classic  tlp=off d=0.10 -> FAIL(TimeoutError)   eta 51 min
[17/240] abandon  tlp=off d=0.10 -> FAIL(TimeoutError)   eta 50 min
[18/240] l4s      tlp=off d=0.10 -> FAIL(TimeoutError)   eta 50 min
[19/240] abandon  tlp=on  d=0.50 -> FAIL(TimeoutError)   eta 50 min
[20/240] abandon  tlp=off d=0.50 -> FAIL(TimeoutError)   eta 50 min
[21/240] abandon  tlp=off d=0.50 -> FAIL(TimeoutError)   eta 49 min
[22/240] abandon  tlp=off d=0.10 -> FAIL(TimeoutError)   eta 49 min
[23/240] l4s      tlp=on  d=0.50 -> FAIL(TimeoutError)   eta 49 min
[24/240] classic  tlp=on  d=0.10 -> FAIL(TimeoutError)   eta 49 min
[25/240] abandon  tlp=on  d=0.50 -> FAIL(TimeoutError)   eta 49 min
[26/240] abandon  tlp=on  d=0.50 -> FAIL(TimeoutError)   eta 48 min
[27/240] classic  tlp=on  d=0.10 -> FAIL(TimeoutError)   eta 48 min
[28/240] classic  tlp=on  d=0.10 -> FAIL(TimeoutError)   eta 48 min
[29/240] classic  tlp=on  d=0.50 -> FAIL(TimeoutError)   eta 48 min
[30/240] l4s      tlp=on  d=0.50 -> FAIL(TimeoutError)   eta 47 min
[31/240] classic  tlp=on  d=0.10 -> FAIL(TimeoutError)   eta 47 min
[32/240] classic  tlp=off d=0.50 -> FAIL(TimeoutError)   eta 47 min
[33/240] classic  tlp=on  d=0.50 -> FAIL(TimeoutError)   eta 47 min
[34/240] classic  tlp=off d=0.50 -> FAIL(TimeoutError)   eta 47 min
[35/240] l4s      tlp=on  d=0.10 -> FAIL(TimeoutError)   eta 46 min
[36/240] abandon  tlp=off d=0.10 -> FAIL(TimeoutError)   eta 46 min
[37/240] l4s      tlp=on  d=0.50 -> FAIL(TimeoutError)   eta 46 min
[38/240] abandon  tlp=off d=0.10 -> FAIL(TimeoutError)   eta 46 min
[39/240] classic  tlp=on  d=0.10 -> FAIL(TimeoutError)   eta 45 min
[40/240] l4s      tlp=on  d=0.10 -> FAIL(TimeoutError)   eta 45 min
[41/240] abandon  tlp=off d=0.10 -> FAIL(TimeoutError)   eta 45 min
[42/240] l4s      tlp=on  d=0.50 -> FAIL(TimeoutError)   eta 45 min
[43/240] abandon  tlp=off d=0.50 -> FAIL(TimeoutError)   eta 45 min
[44/240] l4s      tlp=on  d=0.10 -> FAIL(TimeoutError)   eta 44 min
[45/240] abandon  tlp=on  d=0.10 -> FAIL(TimeoutError)   eta 44 min
[46/240] classic  tlp=on  d=0.50 -> FAIL(TimeoutError)   eta 44 min
[47/240] abandon  tlp=on  d=0.10 -> FAIL(TimeoutError)   eta 44 min
[48/240] l4s      tlp=off d=0.50 -> FAIL(TimeoutError)   eta 43 min
[49/240] l4s      tlp=on  d=0.50 -> FAIL(TimeoutError)   eta 43 min
[50/240] l4s      tlp=off d=0.50 -> FAIL(TimeoutError)   eta 43 min
[51/240] classic  tlp=on  d=0.10 -> FAIL(TimeoutError)   eta 43 min
[52/240] classic  tlp=on  d=0.10 -> FAIL(TimeoutError)   eta 43 min
[53/240] abandon  tlp=off d=0.10 -> FAIL(TimeoutError)   eta 42 min
[54/240] classic  tlp=off d=0.50 -> FAIL(TimeoutError)   eta 42 min
[55/240] l4s      tlp=on  d=0.10 -> FAIL(TimeoutError)   eta 42 min
[56/240] classic  tlp=on  d=0.10 -> FAIL(TimeoutError)   eta 42 min
[57/240] classic  tlp=off d=0.50 -> FAIL(TimeoutError)   eta 41 min
[58/240] l4s      tlp=on  d=0.50 -> FAIL(TimeoutError)   eta 41 min
[59/240] abandon  tlp=off d=0.10 -> FAIL(TimeoutError)   eta 41 min
[60/240] l4s      tlp=off d=0.50 -> FAIL(TimeoutError)   eta 41 min
[61/240] classic  tlp=on  d=0.50 -> FAIL(TimeoutError)   eta 41 min
[62/240] classic  tlp=on  d=0.10 -> FAIL(TimeoutError)   eta 40 min
[63/240] l4s      tlp=on  d=0.10 -> FAIL(TimeoutError)   eta 40 min
[64/240] classic  tlp=off d=0.50 -> FAIL(TimeoutError)   eta 40 min
[65/240] classic  tlp=off d=0.10 -> FAIL(TimeoutError)   eta 40 min
[66/240] l4s      tlp=on  d=0.10 -> FAIL(TimeoutError)   eta 39 min
[67/240] abandon  tlp=off d=0.50 -> FAIL(TimeoutError)   eta 39 min
[68/240] l4s      tlp=on  d=0.50 -> FAIL(TimeoutError)   eta 39 min
[69/240] l4s      tlp=on  d=0.50 -> FAIL(TimeoutError)   eta 39 min
[70/240] l4s      tlp=on  d=0.10 -> FAIL(TimeoutError)   eta 38 min
[71/240] l4s      tlp=off d=0.10 -> FAIL(TimeoutError)   eta 38 min
[72/240] abandon  tlp=on  d=0.50 -> FAIL(TimeoutError)   eta 38 min
[73/240] l4s      tlp=on  d=0.10 -> FAIL(TimeoutError)   eta 38 min
[74/240] l4s      tlp=on  d=0.10 -> FAIL(TimeoutError)   eta 38 min
[75/240] l4s      tlp=on  d=0.10 -> FAIL(TimeoutError)   eta 37 min
[76/240] l4s      tlp=on  d=0.50 -> FAIL(TimeoutError)   eta 37 min
[77/240] classic  tlp=on  d=0.10 -> FAIL(TimeoutError)   eta 37 min
[78/240] classic  tlp=off d=0.10 -> FAIL(TimeoutError)   eta 37 min
[79/240] l4s      tlp=on  d=0.50 -> FAIL(TimeoutError)   eta 36 min
[80/240] abandon  tlp=on  d=0.50 -> FAIL(TimeoutError)   eta 36 min
[81/240] abandon  tlp=on  d=0.50 -> FAIL(TimeoutError)   eta 36 min
[82/240] abandon  tlp=on  d=0.10 -> FAIL(TimeoutError)   eta 36 min
[83/240] abandon  tlp=off d=0.10 -> FAIL(TimeoutError)   eta 36 min
[84/240] l4s      tlp=on  d=0.50 -> FAIL(TimeoutError)   eta 35 min
[85/240] classic  tlp=off d=0.10 -> FAIL(TimeoutError)   eta 35 min
[86/240] l4s      tlp=off d=0.50 -> FAIL(TimeoutError)   eta 35 min
[87/240] abandon  tlp=on  d=0.50 -> FAIL(TimeoutError)   eta 35 min
[88/240] l4s      tlp=off d=0.10 -> FAIL(TimeoutError)   eta 34 min
[89/240] abandon  tlp=off d=0.10 -> FAIL(TimeoutError)   eta 34 min
[90/240] l4s      tlp=off d=0.50 -> FAIL(TimeoutError)   eta 34 min
[91/240] l4s      tlp=off d=0.50 -> FAIL(TimeoutError)   eta 34 min
[92/240] abandon  tlp=off d=0.10 -> FAIL(TimeoutError)   eta 33 min
[93/240] classic  tlp=on  d=0.50 -> FAIL(TimeoutError)   eta 33 min
[94/240] classic  tlp=off d=0.50 -> FAIL(TimeoutError)   eta 33 min
[95/240] abandon  tlp=off d=0.50 -> FAIL(TimeoutError)   eta 33 min
[96/240] l4s      tlp=off d=0.10 -> FAIL(TimeoutError)   eta 33 min
[97/240] classic  tlp=off d=0.50 -> FAIL(TimeoutError)   eta 32 min
[98/240] l4s      tlp=off d=0.10 -> FAIL(TimeoutError)   eta 32 min
[99/240] l4s      tlp=off d=0.50 -> FAIL(TimeoutError)   eta 32 min
[100/240] abandon  tlp=on  d=0.10 -> FAIL(TimeoutError)   eta 32 min
[101/240] classic  tlp=off d=0.50 -> FAIL(TimeoutError)   eta 31 min
[102/240] abandon  tlp=on  d=0.10 -> FAIL(TimeoutError)   eta 31 min
[103/240] l4s      tlp=off d=0.10 -> FAIL(TimeoutError)   eta 31 min
[104/240] l4s      tlp=off d=0.50 -> FAIL(TimeoutError)   eta 31 min
[105/240] abandon  tlp=on  d=0.50 -> FAIL(TimeoutError)   eta 31 min
[106/240] l4s      tlp=off d=0.10 -> FAIL(TimeoutError)   eta 30 min
[107/240] abandon  tlp=off d=0.10 -> FAIL(TimeoutError)   eta 30 min
[108/240] l4s      tlp=off d=0.50 -> FAIL(TimeoutError)   eta 30 min
[109/240] abandon  tlp=off d=0.10 -> FAIL(TimeoutError)   eta 30 min
[110/240] l4s      tlp=off d=0.50 -> FAIL(TimeoutError)   eta 29 min
[111/240] abandon  tlp=off d=0.50 -> FAIL(TimeoutError)   eta 29 min
[112/240] abandon  tlp=on  d=0.10 -> FAIL(TimeoutError)   eta 29 min
[113/240] abandon  tlp=off d=0.50 -> FAIL(TimeoutError)   eta 29 min
[114/240] classic  tlp=off d=0.50 -> FAIL(TimeoutError)   eta 29 min
[115/240] classic  tlp=on  d=0.50 -> FAIL(TimeoutError)   eta 28 min
[116/240] classic  tlp=on  d=0.50 -> FAIL(TimeoutError)   eta 28 min
[117/240] classic  tlp=on  d=0.50 -> FAIL(TimeoutError)   eta 28 min
[118/240] classic  tlp=off d=0.10 -> FAIL(TimeoutError)   eta 28 min
[119/240] l4s      tlp=off d=0.10 -> FAIL(TimeoutError)   eta 27 min
[120/240] abandon  tlp=off d=0.10 -> FAIL(TimeoutError)   eta 27 min
[121/240] classic  tlp=off d=0.50 -> FAIL(TimeoutError)   eta 27 min
[122/240] abandon  tlp=off d=0.50 -> FAIL(TimeoutError)   eta 27 min
[123/240] l4s      tlp=off d=0.50 -> FAIL(TimeoutError)   eta 26 min
[124/240] classic  tlp=on  d=0.10 -> FAIL(TimeoutError)   eta 26 min
[125/240] abandon  tlp=off d=0.50 -> FAIL(TimeoutError)   eta 26 min
[126/240] classic  tlp=on  d=0.50 -> FAIL(TimeoutError)   eta 26 min
[127/240] abandon  tlp=off d=0.50 -> FAIL(TimeoutError)   eta 26 min
[128/240] classic  tlp=on  d=0.10 -> FAIL(TimeoutError)   eta 25 min
[129/240] abandon  tlp=on  d=0.50 -> FAIL(TimeoutError)   eta 25 min
[130/240] classic  tlp=off d=0.50 -> FAIL(TimeoutError)   eta 25 min
[131/240] abandon  tlp=off d=0.50 -> FAIL(TimeoutError)   eta 25 min
[132/240] l4s      tlp=off d=0.10 -> FAIL(TimeoutError)   eta 24 min
[133/240] l4s      tlp=on  d=0.10 -> FAIL(TimeoutError)   eta 24 min
[134/240] abandon  tlp=off d=0.10 -> FAIL(TimeoutError)   eta 24 min
[135/240] abandon  tlp=on  d=0.10 -> FAIL(TimeoutError)   eta 24 min
[136/240] classic  tlp=off d=0.10 -> FAIL(TimeoutError)   eta 24 min
[137/240] l4s      tlp=off d=0.10 -> FAIL(TimeoutError)   eta 23 min
[138/240] classic  tlp=off d=0.50 -> FAIL(TimeoutError)   eta 23 min
[139/240] l4s      tlp=off d=0.50 -> FAIL(TimeoutError)   eta 23 min
[140/240] l4s      tlp=on  d=0.10 -> FAIL(TimeoutError)   eta 23 min
[141/240] abandon  tlp=off d=0.50 -> FAIL(TimeoutError)   eta 22 min
[142/240] abandon  tlp=on  d=0.50 -> FAIL(TimeoutError)   eta 22 min
[143/240] classic  tlp=off d=0.10 -> FAIL(TimeoutError)   eta 22 min
[144/240] classic  tlp=on  d=0.10 -> FAIL(TimeoutError)   eta 22 min
[145/240] abandon  tlp=on  d=0.10 -> FAIL(TimeoutError)   eta 21 min
[146/240] classic  tlp=off d=0.10 -> FAIL(TimeoutError)   eta 21 min
[147/240] l4s      tlp=off d=0.10 -> FAIL(TimeoutError)   eta 21 min
[148/240] l4s      tlp=on  d=0.50 -> FAIL(TimeoutError)   eta 21 min
[149/240] classic  tlp=off d=0.10 -> FAIL(TimeoutError)   eta 21 min
[150/240] abandon  tlp=on  d=0.50 -> FAIL(TimeoutError)   eta 20 min
[151/240] l4s      tlp=on  d=0.50 -> FAIL(TimeoutError)   eta 20 min
[152/240] classic  tlp=on  d=0.10 -> FAIL(TimeoutError)   eta 20 min
[153/240] classic  tlp=off d=0.50 -> FAIL(TimeoutError)   eta 20 min
[154/240] classic  tlp=on  d=0.10 -> FAIL(TimeoutError)   eta 19 min
[155/240] l4s      tlp=off d=0.10 -> FAIL(TimeoutError)   eta 19 min
[156/240] abandon  tlp=on  d=0.10 -> FAIL(TimeoutError)   eta 19 min
[157/240] classic  tlp=on  d=0.50 -> FAIL(TimeoutError)   eta 19 min
[158/240] l4s      tlp=off d=0.50 -> FAIL(TimeoutError)   eta 19 min
[159/240] classic  tlp=off d=0.10 -> FAIL(TimeoutError)   eta 18 min
[160/240] l4s      tlp=on  d=0.10 -> FAIL(TimeoutError)   eta 18 min
[161/240] abandon  tlp=on  d=0.10 -> FAIL(TimeoutError)   eta 18 min
[162/240] classic  tlp=on  d=0.50 -> FAIL(TimeoutError)   eta 18 min
[163/240] abandon  tlp=on  d=0.10 -> FAIL(TimeoutError)   eta 17 min
[164/240] classic  tlp=off d=0.10 -> FAIL(TimeoutError)   eta 17 min
[165/240] classic  tlp=off d=0.50 -> FAIL(TimeoutError)   eta 17 min
[166/240] l4s      tlp=off d=0.50 -> FAIL(TimeoutError)   eta 17 min
[167/240] l4s      tlp=off d=0.50 -> FAIL(TimeoutError)   eta 17 min
[168/240] l4s      tlp=off d=0.10 -> FAIL(TimeoutError)   eta 16 min
[169/240] classic  tlp=off d=0.10 -> FAIL(TimeoutError)   eta 16 min
[170/240] abandon  tlp=off d=0.50 -> FAIL(TimeoutError)   eta 16 min
[171/240] classic  tlp=off d=0.10 -> FAIL(TimeoutError)   eta 16 min
[172/240] classic  tlp=on  d=0.10 -> FAIL(TimeoutError)   eta 15 min
[173/240] abandon  tlp=off d=0.50 -> FAIL(TimeoutError)   eta 15 min
[174/240] l4s      tlp=off d=0.50 -> FAIL(TimeoutError)   eta 15 min
[175/240] abandon  tlp=on  d=0.10 -> FAIL(TimeoutError)   eta 15 min
[176/240] l4s      tlp=off d=0.10 -> FAIL(TimeoutError)   eta 14 min
[177/240] l4s      tlp=on  d=0.50 -> FAIL(TimeoutError)   eta 14 min
[178/240] abandon  tlp=on  d=0.10 -> FAIL(TimeoutError)   eta 14 min
[179/240] classic  tlp=off d=0.50 -> FAIL(TimeoutError)   eta 14 min
[180/240] classic  tlp=on  d=0.50 -> FAIL(TimeoutError)   eta 14 min
[181/240] abandon  tlp=off d=0.10 -> FAIL(TimeoutError)   eta 13 min
[182/240] l4s      tlp=off d=0.50 -> FAIL(TimeoutError)   eta 13 min
[183/240] classic  tlp=on  d=0.50 -> FAIL(TimeoutError)   eta 13 min
[184/240] abandon  tlp=on  d=0.50 -> FAIL(TimeoutError)   eta 13 min
[185/240] abandon  tlp=on  d=0.10 -> FAIL(TimeoutError)   eta 12 min
[186/240] abandon  tlp=on  d=0.50 -> FAIL(TimeoutError)   eta 12 min
[187/240] classic  tlp=on  d=0.10 -> FAIL(TimeoutError)   eta 12 min
[188/240] l4s      tlp=off d=0.10 -> FAIL(TimeoutError)   eta 12 min
[189/240] classic  tlp=off d=0.50 -> FAIL(TimeoutError)   eta 12 min
[190/240] abandon  tlp=off d=0.50 -> FAIL(TimeoutError)   eta 11 min
[191/240] classic  tlp=on  d=0.50 -> FAIL(TimeoutError)   eta 11 min
[192/240] l4s      tlp=off d=0.10 -> FAIL(TimeoutError)   eta 11 min
[193/240] classic  tlp=off d=0.10 -> FAIL(TimeoutError)   eta 11 min
[194/240] abandon  tlp=off d=0.10 -> FAIL(TimeoutError)   eta 10 min
[195/240] abandon  tlp=on  d=0.50 -> FAIL(TimeoutError)   eta 10 min
[196/240] classic  tlp=on  d=0.50 -> FAIL(TimeoutError)   eta 10 min
[197/240] l4s      tlp=off d=0.10 -> FAIL(TimeoutError)   eta 10 min
[198/240] abandon  tlp=on  d=0.10 -> FAIL(TimeoutError)   eta 10 min
[199/240] abandon  tlp=off d=0.50 -> FAIL(TimeoutError)   eta 9 min
[200/240] l4s      tlp=on  d=0.10 -> FAIL(TimeoutError)   eta 9 min
[201/240] classic  tlp=off d=0.10 -> FAIL(TimeoutError)   eta 9 min
[202/240] abandon  tlp=off d=0.50 -> FAIL(TimeoutError)   eta 9 min
[203/240] l4s      tlp=on  d=0.10 -> FAIL(TimeoutError)   eta 8 min
[204/240] l4s      tlp=on  d=0.10 -> FAIL(TimeoutError)   eta 8 min
[205/240] abandon  tlp=off d=0.50 -> FAIL(TimeoutError)   eta 8 min
[206/240] classic  tlp=on  d=0.10 -> FAIL(TimeoutError)   eta 8 min
[207/240] l4s      tlp=on  d=0.50 -> FAIL(TimeoutError)   eta 7 min
[208/240] classic  tlp=off d=0.50 -> FAIL(TimeoutError)   eta 7 min
[209/240] l4s      tlp=off d=0.10 -> FAIL(TimeoutError)   eta 7 min
[210/240] abandon  tlp=off d=0.50 -> FAIL(TimeoutError)   eta 7 min
[211/240] abandon  tlp=on  d=0.50 -> FAIL(TimeoutError)   eta 7 min
[212/240] l4s      tlp=off d=0.50 -> FAIL(TimeoutError)   eta 6 min
[213/240] classic  tlp=on  d=0.50 -> FAIL(TimeoutError)   eta 6 min
[214/240] abandon  tlp=on  d=0.10 -> FAIL(TimeoutError)   eta 6 min
[215/240] l4s      tlp=on  d=0.10 -> FAIL(TimeoutError)   eta 6 min
[216/240] abandon  tlp=on  d=0.50 -> FAIL(TimeoutError)   eta 5 min
[217/240] abandon  tlp=off d=0.50 -> FAIL(TimeoutError)   eta 5 min
[218/240] classic  tlp=off d=0.50 -> FAIL(TimeoutError)   eta 5 min
[219/240] classic  tlp=on  d=0.50 -> FAIL(TimeoutError)   eta 5 min
[220/240] classic  tlp=on  d=0.10 -> FAIL(TimeoutError)   eta 5 min
[221/240] abandon  tlp=off d=0.10 -> FAIL(TimeoutError)   eta 4 min
[222/240] l4s      tlp=on  d=0.10 -> FAIL(TimeoutError)   eta 4 min
[223/240] classic  tlp=off d=0.10 -> FAIL(TimeoutError)   eta 4 min
[224/240] l4s      tlp=on  d=0.50 -> FAIL(TimeoutError)   eta 4 min
[225/240] l4s      tlp=off d=0.10 -> FAIL(TimeoutError)   eta 3 min
[226/240] abandon  tlp=off d=0.10 -> FAIL(TimeoutError)   eta 3 min
[227/240] classic  tlp=on  d=0.10 -> FAIL(TimeoutError)   eta 3 min
[228/240] abandon  tlp=on  d=0.10 -> FAIL(TimeoutError)   eta 3 min
[229/240] classic  tlp=off d=0.10 -> FAIL(TimeoutError)   eta 2 min
[230/240] classic  tlp=on  d=0.50 -> FAIL(TimeoutError)   eta 2 min
[231/240] abandon  tlp=on  d=0.50 -> FAIL(TimeoutError)   eta 2 min
[232/240] classic  tlp=off d=0.10 -> FAIL(TimeoutError)   eta 2 min
[233/240] l4s      tlp=on  d=0.50 -> FAIL(TimeoutError)   eta 2 min
[234/240] l4s      tlp=off d=0.50 -> FAIL(TimeoutError)   eta 1 min
[235/240] l4s      tlp=on  d=0.10 -> FAIL(TimeoutError)   eta 1 min
[236/240] abandon  tlp=on  d=0.50 -> FAIL(TimeoutError)   eta 1 min
[237/240] abandon  tlp=off d=0.10 -> FAIL(TimeoutError)   eta 1 min
[238/240] abandon  tlp=off d=0.10 -> FAIL(TimeoutError)   eta 0 min
[239/240] classic  tlp=off d=0.50 -> FAIL(TimeoutError)   eta 0 min
[240/240] l4s      tlp=on  d=0.50 -> FAIL(TimeoutError)   eta 0 min

## AQM=dualpi2, event=onset

| TLP | rescue path | n | fail % | p50 s | p90 s | p99 s | in time <0.5s (95% CI) | in time <1.0s (95% CI) | in time <1.5s (95% CI) | in time <2.0s (95% CI) | retrans/rescue |
|---|---|---|---|---|---|---|---|---|---|---|---|
| on | L4S lane (DCTCP, L queue) | 40 | 0 | 0.49 | 0.55 | 0.61 | 57% (42%–71%) | 100% (91%–100%) | 100% (91%–100%) | 100% (91%–100%) | 0.00 |
| on | ECN lane (Cubic, C queue) | 40 | 0 | 0.26 | 0.30 | 0.33 | 100% (91%–100%) | 100% (91%–100%) | 100% (91%–100%) | 100% (91%–100%) | 0.00 |
| on | Classic lane (Cubic) | 40 | 0 | 0.28 | 0.41 | 0.66 | 95% (83%–99%) | 100% (91%–100%) | 100% (91%–100%) | 100% (91%–100%) | 1.48 |
| on | New connection | 40 | 0 | 0.29 | 0.47 | 0.63 | 92% (80%–97%) | 100% (91%–100%) | 100% (91%–100%) | 100% (91%–100%) | 1.02 |
| on | Abandon + refetch | 40 | 0 | 0.26 | 0.42 | 0.64 | 92% (80%–97%) | 100% (91%–100%) | 100% (91%–100%) | 100% (91%–100%) | 0.97 |
| off | L4S lane (DCTCP, L queue) | 40 | 0 | 0.49 | 0.55 | 0.61 | 62% (47%–76%) | 100% (91%–100%) | 100% (91%–100%) | 100% (91%–100%) | 0.00 |
| off | ECN lane (Cubic, C queue) | 40 | 0 | 0.28 | 0.35 | 0.48 | 100% (91%–100%) | 100% (91%–100%) | 100% (91%–100%) | 100% (91%–100%) | 0.00 |
| off | Classic lane (Cubic) | 40 | 0 | 0.28 | 0.44 | 0.59 | 95% (83%–99%) | 100% (91%–100%) | 100% (91%–100%) | 100% (91%–100%) | 1.48 |
| off | New connection | 40 | 0 | 0.29 | 0.45 | 0.73 | 95% (83%–99%) | 100% (91%–100%) | 100% (91%–100%) | 100% (91%–100%) | 1.45 |
| off | Abandon + refetch | 40 | 0 | 0.28 | 0.39 | 0.62 | 98% (87%–100%) | 100% (91%–100%) | 100% (91%–100%) | 100% (91%–100%) | 1.07 |

## AQM=dualpi2, event=step

| TLP | rescue path | n | fail % | p50 s | p90 s | p99 s | in time <0.5s (95% CI) | in time <1.0s (95% CI) | in time <1.5s (95% CI) | in time <2.0s (95% CI) | retrans/rescue |
|---|---|---|---|---|---|---|---|---|---|---|---|
| on | L4S lane (DCTCP, L queue) | 40 | 0 | 1.21 | 1.42 | 1.50 | 0% (-0%–9%) | 20% (10%–35%) | 98% (87%–100%) | 100% (91%–100%) | 4.92 |
| on | ECN lane (Cubic, C queue) | 40 | 0 | 0.94 | 1.54 | 2.10 | 8% (3%–20%) | 50% (35%–65%) | 82% (68%–91%) | 98% (87%–100%) | 9.00 |
| on | Classic lane (Cubic) | 40 | 0 | 1.17 | 1.51 | 2.48 | 2% (0%–13%) | 40% (26%–55%) | 88% (74%–95%) | 98% (87%–100%) | 14.88 |
| on | New connection | 40 | 0 | 1.31 | 2.07 | 2.63 | 0% (-0%–9%) | 30% (18%–45%) | 68% (52%–80%) | 88% (74%–95%) | 12.93 |
| on | Abandon + refetch | 40 | 0 | 0.92 | 1.68 | 2.51 | 0% (-0%–9%) | 55% (40%–69%) | 85% (71%–93%) | 98% (87%–100%) | 12.25 |
| off | L4S lane (DCTCP, L queue) | 40 | 0 | 1.19 | 1.54 | 2.36 | 0% (-0%–9%) | 12% (5%–26%) | 88% (74%–95%) | 98% (87%–100%) | 4.58 |
| off | ECN lane (Cubic, C queue) | 40 | 0 | 1.04 | 1.42 | 1.64 | 5% (1%–17%) | 48% (33%–63%) | 95% (83%–99%) | 100% (91%–100%) | 10.57 |
| off | Classic lane (Cubic) | 40 | 0 | 1.10 | 1.80 | 3.67 | 8% (3%–20%) | 42% (29%–58%) | 78% (62%–88%) | 92% (80%–97%) | 16.30 |
| off | New connection | 40 | 0 | 1.21 | 1.66 | 2.07 | 5% (1%–17%) | 22% (12%–38%) | 80% (65%–90%) | 98% (87%–100%) | 14.93 |
| off | Abandon + refetch | 40 | 0 | 1.11 | 1.76 | 2.42 | 0% (-0%–9%) | 38% (24%–53%) | 75% (60%–86%) | 95% (83%–99%) | 11.82 |

## AQM=fifo, event=step

| TLP | rescue path | n | fail % | p50 s | p90 s | p99 s | in time <0.5s (95% CI) | in time <1.0s (95% CI) | in time <1.5s (95% CI) | in time <2.0s (95% CI) | retrans/rescue |
|---|---|---|---|---|---|---|---|---|---|---|---|
| on | L4S lane (DCTCP, L queue) | 40 | 100 | inf | inf | inf | 0% (-0%–9%) | 0% (-0%–9%) | 0% (-0%–9%) | 0% (-0%–9%) | - |
| on | Classic lane (Cubic) | 40 | 100 | inf | inf | inf | 0% (-0%–9%) | 0% (-0%–9%) | 0% (-0%–9%) | 0% (-0%–9%) | - |
| on | Abandon + refetch | 40 | 100 | inf | inf | inf | 0% (-0%–9%) | 0% (-0%–9%) | 0% (-0%–9%) | 0% (-0%–9%) | - |
| off | L4S lane (DCTCP, L queue) | 40 | 100 | inf | inf | inf | 0% (-0%–9%) | 0% (-0%–9%) | 0% (-0%–9%) | 0% (-0%–9%) | - |
| off | Classic lane (Cubic) | 40 | 100 | inf | inf | inf | 0% (-0%–9%) | 0% (-0%–9%) | 0% (-0%–9%) | 0% (-0%–9%) | - |
| off | Abandon + refetch | 40 | 100 | inf | inf | inf | 0% (-0%–9%) | 0% (-0%–9%) | 0% (-0%–9%) | 0% (-0%–9%) | - |
figures in results/full_0928_1613/figs/
results in results/full_0928_1613 (text report: results/full_0928_1613/report.txt)
